Component: Arm Compiler for Embedded 6.22 Tool: armlink [5ee90200]

==============================================================================

Section Cross References

    startup_stm32l475xx.o(RESET) refers to startup_stm32l475xx.o(STACK) for __initial_sp
    startup_stm32l475xx.o(RESET) refers to startup_stm32l475xx.o(.text) for Reset_Handler
    startup_stm32l475xx.o(RESET) refers to stm32l4xx_it.o(.text.NMI_Handler) for NMI_Handler
    startup_stm32l475xx.o(RESET) refers to context_rvds.o(.text) for HardFault_Handler
    startup_stm32l475xx.o(RESET) refers to stm32l4xx_it.o(.text.MemManage_Handler) for MemManage_Handler
    startup_stm32l475xx.o(RESET) refers to stm32l4xx_it.o(.text.BusFault_Handler) for BusFault_Handler
    startup_stm32l475xx.o(RESET) refers to stm32l4xx_it.o(.text.UsageFault_Handler) for UsageFault_Handler
    startup_stm32l475xx.o(RESET) refers to stm32l4xx_it.o(.text.DebugMon_Handler) for DebugMon_Handler
    startup_stm32l475xx.o(RESET) refers to board.o(.text.SysTick_Handler) for SysTick_Handler
    startup_stm32l475xx.o(.text) refers to system_stm32l4xx.o(.text.SystemInit) for SystemInit
    startup_stm32l475xx.o(.text) refers to entry.o(.ARM.Collect$$$$00000000) for __main
    main.o(.ARM.exidx.text.fputc) refers to main.o(.text.fputc) for [Anonymous Symbol]
    main.o(.text.ThreadInit) refers to main.o(.text.key_entry) for key_entry
    main.o(.text.ThreadInit) refers to thread.o(.text.rt_thread_create) for rt_thread_create
    main.o(.text.ThreadInit) refers to kservice.o(.text.rt_kprintf) for rt_kprintf
    main.o(.text.ThreadInit) refers to thread.o(.text.rt_thread_startup) for rt_thread_startup
    main.o(.ARM.exidx.text.ThreadInit) refers to main.o(.text.ThreadInit) for [Anonymous Symbol]
    main.o(.text.main) refers to stm32l4xx_hal.o(.text.HAL_Init) for HAL_Init
    main.o(.text.main) refers to memseta.o(.text) for __aeabi_memclr4
    main.o(.text.main) refers to stm32l4xx_hal_pwr_ex.o(.text.HAL_PWREx_ControlVoltageScaling) for HAL_PWREx_ControlVoltageScaling
    main.o(.text.main) refers to stm32l4xx_hal_rcc.o(.text.HAL_RCC_OscConfig) for HAL_RCC_OscConfig
    main.o(.text.main) refers to stm32l4xx_hal_rcc.o(.text.HAL_RCC_ClockConfig) for HAL_RCC_ClockConfig
    main.o(.text.main) refers to gpio.o(.text.MX_GPIO_Init) for MX_GPIO_Init
    main.o(.text.main) refers to usart.o(.text.MX_USART1_UART_Init) for MX_USART1_UART_Init
    main.o(.text.main) refers to delay.o(.text.delay_init) for delay_init
    main.o(.text.main) refers to aht10.o(.text.AHT10_Init) for AHT10_Init
    main.o(.text.main) refers to main.o(.data.temperature) for temperature
    main.o(.text.main) refers to main.o(.data.humidity) for humidity
    main.o(.text.main) refers to aht10.o(.text.AHT10_Read_Temperature) for AHT10_Read_Temperature
    main.o(.text.main) refers to aht10.o(.text.AHT10_Read_Humidity) for AHT10_Read_Humidity
    main.o(.text.main) refers to f2d.o(.text) for __aeabi_f2d
    main.o(.text.main) refers to printfa.o(i.__0printf) for __2printf
    main.o(.text.main) refers to thread.o(.text.rt_thread_delay) for rt_thread_delay
    main.o(.ARM.exidx.text.main) refers to main.o(.text.main) for [Anonymous Symbol]
    main.o(.text.SystemClock_Config) refers to memseta.o(.text) for __aeabi_memclr4
    main.o(.text.SystemClock_Config) refers to stm32l4xx_hal_pwr_ex.o(.text.HAL_PWREx_ControlVoltageScaling) for HAL_PWREx_ControlVoltageScaling
    main.o(.text.SystemClock_Config) refers to stm32l4xx_hal_rcc.o(.text.HAL_RCC_OscConfig) for HAL_RCC_OscConfig
    main.o(.text.SystemClock_Config) refers to stm32l4xx_hal_rcc.o(.text.HAL_RCC_ClockConfig) for HAL_RCC_ClockConfig
    main.o(.ARM.exidx.text.SystemClock_Config) refers to main.o(.text.SystemClock_Config) for [Anonymous Symbol]
    main.o(.ARM.exidx.text.Error_Handler) refers to main.o(.text.Error_Handler) for [Anonymous Symbol]
    main.o(.text.key_entry) refers to puts.o(i.puts) for puts
    main.o(.text.key_entry) refers to thread.o(.text.rt_thread_delay) for rt_thread_delay
    main.o(.ARM.exidx.text.key_entry) refers to main.o(.text.key_entry) for [Anonymous Symbol]
    main.o(.rti_fn.6) refers to main.o(.text.ThreadInit) for ThreadInit
    gpio.o(.text.MX_GPIO_Init) refers to stm32l4xx_hal_gpio.o(.text.HAL_GPIO_WritePin) for HAL_GPIO_WritePin
    gpio.o(.text.MX_GPIO_Init) refers to stm32l4xx_hal_gpio.o(.text.HAL_GPIO_Init) for HAL_GPIO_Init
    gpio.o(.ARM.exidx.text.MX_GPIO_Init) refers to gpio.o(.text.MX_GPIO_Init) for [Anonymous Symbol]
    i2c.o(.text.MX_I2C3_Init) refers to i2c.o(.bss.hi2c3) for hi2c3
    i2c.o(.text.MX_I2C3_Init) refers to stm32l4xx_hal_i2c.o(.text.HAL_I2C_Init) for HAL_I2C_Init
    i2c.o(.text.MX_I2C3_Init) refers to main.o(.text.Error_Handler) for Error_Handler
    i2c.o(.text.MX_I2C3_Init) refers to stm32l4xx_hal_i2c_ex.o(.text.HAL_I2CEx_ConfigAnalogFilter) for HAL_I2CEx_ConfigAnalogFilter
[...]
    [Anonymous Symbol]                       0x08005558   Section        0  idle.o(.text.rt_thread_idle_entry)
    [Anonymous Symbol]                       0x080055b8   Section        0  idle.o(.text.rt_thread_idle_init)
    [Anonymous Symbol]                       0x08005610   Section        0  thread.o(.text.rt_thread_init)
    [Anonymous Symbol]                       0x0800569c   Section        0  thread.o(.text.rt_thread_mdelay)
    [Anonymous Symbol]                       0x080056ac   Section        0  thread.o(.text.rt_thread_self)
    [Anonymous Symbol]                       0x080056b8   Section        0  thread.o(.text.rt_thread_sleep)
    [Anonymous Symbol]                       0x08005734   Section        0  thread.o(.text.rt_thread_startup)
    [Anonymous Symbol]                       0x0800578c   Section        0  clock.o(.text.rt_tick_from_millisecond)
    [Anonymous Symbol]                       0x08005794   Section        0  clock.o(.text.rt_tick_get)
    [Anonymous Symbol]                       0x080057a0   Section        0  clock.o(.text.rt_tick_increase)
    [Anonymous Symbol]                       0x080057f4   Section        0  timer.o(.text.rt_timer_check)
    [Anonymous Symbol]                       0x080058a4   Section        0  timer.o(.text.rt_timer_control)
    [Anonymous Symbol]                       0x080058f4   Section        0  timer.o(.text.rt_timer_detach)
    [Anonymous Symbol]                       0x08005924   Section        0  timer.o(.text.rt_timer_init)
    [Anonymous Symbol]                       0x08005958   Section        0  timer.o(.text.rt_timer_start)
    [Anonymous Symbol]                       0x080059e0   Section        0  timer.o(.text.rt_timer_stop)
    [Anonymous Symbol]                       0x08005a18   Section        0  kservice.o(.text.rt_vsnprintf)
    rti_board_end                            0x08005d8d   Thumb Code     4  components.o(.text.rti_board_end)
    [Anonymous Symbol]                       0x08005d8c   Section        0  components.o(.text.rti_board_end)
    rti_board_start                          0x08005d91   Thumb Code     4  components.o(.text.rti_board_start)
    [Anonymous Symbol]                       0x08005d90   Section        0  components.o(.text.rti_board_start)
    rti_end                                  0x08005d95   Thumb Code     4  components.o(.text.rti_end)
    [Anonymous Symbol]                       0x08005d94   Section        0  components.o(.text.rti_end)
    rti_start                                0x08005d99   Thumb Code     4  components.o(.text.rti_start)
    [Anonymous Symbol]                       0x08005d98   Section        0  components.o(.text.rti_start)
    uart_init                                0x08005d9d   Thumb Code    54  board.o(.text.uart_init)
    [Anonymous Symbol]                       0x08005d9c   Section        0  board.o(.text.uart_init)
    [Anonymous Symbol]                       0x08005dd4   Section        0  cmd.o(.text.version)
    i.__0printf                              0x08005de0   Section        0  printfa.o(i.__0printf)
    i.__scatterload_copy                     0x08005e00   Section       14  handlers.o(i.__scatterload_copy)
    i.__scatterload_null                     0x08005e0e   Section        2  handlers.o(i.__scatterload_null)
    i.__scatterload_zeroinit                 0x08005e10   Section       14  handlers.o(i.__scatterload_zeroinit)
    _fp_digits                               0x08005e21   Thumb Code   366  printfa.o(i._fp_digits)
    i._fp_digits                             0x08005e20   Section        0  printfa.o(i._fp_digits)
    _printf_core                             0x08005fad   Thumb Code  1744  printfa.o(i._printf_core)
    i._printf_core                           0x08005fac   Section        0  printfa.o(i._printf_core)
    _printf_post_padding                     0x0800668f   Thumb Code    36  printfa.o(i._printf_post_padding)
    i._printf_post_padding                   0x0800668e   Section        0  printfa.o(i._printf_post_padding)
    _printf_pre_padding                      0x080066b3   Thumb Code    46  printfa.o(i._printf_pre_padding)
    i._printf_pre_padding                    0x080066b2   Section        0  printfa.o(i._printf_pre_padding)
    i.puts                                   0x080066e0   Section        0  puts.o(i.puts)
    .Lswitch.table.UART_SetConfig.5          0x0800684c   Data          16  stm32l4xx_hal_uart.o(.rodata.cst16)
    .L.str.31                                0x0800696e   Data          23  cmd.o(.rodata.str1.1)
    [Anonymous Symbol]                       0x0800696e   Section        0  cmd.o(.rodata.str1.1)
    .L.str.1                                 0x08006985   Data          68  cmd.o(.rodata.str1.1)
    .L.str.28                                0x080069c9   Data          10  cmd.o(.rodata.str1.1)
    .L.str.29                                0x080069d3   Data          21  cmd.o(.rodata.str1.1)
    .L.str.14                                0x080069e6   Data           2  cmd.o(.rodata.str1.1)
    .L.str.2                                 0x080069e6   Data           2  cmd.o(.rodata.str1.1)
    .L.str.30                                0x080069e6   Data           2  cmd.o(.rodata.str1.1)
    .L.str.6                                 0x080069e6   Data           2  cmd.o(.rodata.str1.1)
    .L.str.24                                0x08006a03   Data          22  cmd.o(.rodata.str1.1)
    .L.str.38                                0x08006a19   Data           2  cmd.o(.rodata.str1.1)
    .L.str.40                                0x08006a1b   Data           2  cmd.o(.rodata.str1.1)
    .L.str                                   0x08006a1d   Data           7  cmd.o(.rodata.str1.1)
    .L.str.16                                0x08006a2d   Data           9  cmd.o(.rodata.str1.1)
    .L.str.21                                0x08006a3f   Data           6  cmd.o(.rodata.str1.1)
    .L.str.39                                0x08006a45   Data           5  cmd.o(.rodata.str1.1)
    .L.str                                   0x08006a4a   Data          27  msh.o(.rodata.str1.1)
    [Anonymous Symbol]                       0x08006a4a   Section        0  msh.o(.rodata.str1.1)
    .L.str.1                                 0x08006a65   Data          12  msh.o(.rodata.str1.1)
    .L.str.2                                 0x08006a71   Data           2  shell.o(.rodata.str1.1)
    [Anonymous Symbol]                       0x08006a71   Section        0  shell.o(.rodata.str1.1)
    .L.str.3                                 0x08006a78   Data           3  shell.o(.rodata.str1.1)
    .L.str.17                                0x08006a7b   Data          26  cpuport.o(.rodata.str1.1)
    [Anonymous Symbol]                       0x08006a7b   Section        0  cpuport.o(.rodata.str1.1)
    .L.str.16                                0x08006a95   Data          29  cpuport.o(.rodata.str1.1)
    .L.str.18                                0x08006ab2   Data          14  cpuport.o(.rodata.str1.1)
    .L.str.31                                0x08006ac0   Data          19  cpuport.o(.rodata.str1.1)
    .L.str.38                                0x08006ad3   Data          14  cpuport.o(.rodata.str1.1)
    .L.str.22                                0x08006ae1   Data          12  cpuport.o(.rodata.str1.1)
    .L.str.29                                0x08006aed   Data          16  cpuport.o(.rodata.str1.1)
    .L.str.37                                0x08006afd   Data          16  cpuport.o(.rodata.str1.1)
    .L.str.20                                0x08006b0d   Data          21  cpuport.o(.rodata.str1.1)
    .L.str.21                                0x08006b22   Data          13  cpuport.o(.rodata.str1.1)
    .L.str.1                                 0x08006b2f   Data          13  cpuport.o(.rodata.str1.1)
    .L.str.2                                 0x08006b3c   Data          13  cpuport.o(.rodata.str1.1)
    .L.str.3                                 0x08006b49   Data          13  cpuport.o(.rodata.str1.1)
    .L.str.4                                 0x08006b56   Data          13  cpuport.o(.rodata.str1.1)
    .L.str.5                                 0x08006b63   Data          13  cpuport.o(.rodata.str1.1)
    .L.str                                   0x08006b70   Data          13  cpuport.o(.rodata.str1.1)
    .L.str.42                                0x08006b7d   Data           7  cpuport.o(.rodata.str1.1)
    .L.str.44                                0x08006b84   Data          11  cpuport.o(.rodata.str1.1)
    .L.str.41                                0x08006b8f   Data          10  cpuport.o(.rodata.str1.1)
    .L.str.34                                0x08006b99   Data          10  cpuport.o(.rodata.str1.1)
    .L.str.33                                0x08006ba3   Data          10  cpuport.o(.rodata.str1.1)
    .L.str.45                                0x08006bad   Data          11  cpuport.o(.rodata.str1.1)
    .L.str.43                                0x08006bb8   Data           6  cpuport.o(.rodata.str1.1)
    .L.str.36                                0x08006bbe   Data           9  cpuport.o(.rodata.str1.1)
    .L.str.35                                0x08006bc7   Data          11  cpuport.o(.rodata.str1.1)
    .L.str.27                                0x08006bc8   Data          10  cpuport.o(.rodata.str1.1)
    .L.str.26                                0x08006bd2   Data          13  cpuport.o(.rodata.str1.1)
    .L.str.25                                0x08006bd4   Data          11  cpuport.o(.rodata.str1.1)
    .L.str.24                                0x08006bdf   Data           9  cpuport.o(.rodata.str1.1)
    .L.str.40                                0x08006be8   Data          12  cpuport.o(.rodata.str1.1)
    .L.str.23                                0x08006bf4   Data          22  cpuport.o(.rodata.str1.1)
    .L.str.32                                0x08006c0a   Data          22  cpuport.o(.rodata.str1.1)
    .L.str.39                                0x08006c20   Data          22  cpuport.o(.rodata.str1.1)
    .L.str                                   0x08006c36   Data           5  components.o(.rodata.str1.1)
    [Anonymous Symbol]                       0x08006c36   Section        0  components.o(.rodata.str1.1)
    .L.str                                   0x08006c3b   Data           9  kservice.o(.rodata.str1.1)
    [Anonymous Symbol]                       0x08006c3b   Section        0  kservice.o(.rodata.str1.1)
    .L.str.19                                0x08006c7e   Data           8  kservice.o(.rodata.str1.1)
    __tagsym$$used.0                         0x08006c94   Number         0  components.o(.rti_fn.0)
    __tagsym$$used.1                         0x08006c98   Number         0  components.o(.rti_fn.0.end)
    __tagsym$$used.1                         0x08006c9c   Number         0  board.o(.rti_fn.1)
    __tagsym$$used.2                         0x08006ca0   Number         0  components.o(.rti_fn.1.end)
    __tagsym$$used.0                         0x08006ca4   Number         0  main.o(.rti_fn.6)
    __tagsym$$used.0                         0x08006ca8   Number         0  shell.o(.rti_fn.6)
    __tagsym$$used.3                         0x08006cac   Number         0  components.o(.rti_fn.6.end)
    __tagsym$$used.0                         0x08006cb0   Number         0  cmd.o(FSymTab)
    __tagsym$$used.1                         0x08006cbc   Number         0  cmd.o(FSymTab)
    __tagsym$$used.2                         0x08006cc8   Number         0  cmd.o(FSymTab)
    __tagsym$$used.3                         0x08006cd4   Number         0  cmd.o(FSymTab)
    __tagsym$$used.4                         0x08006ce0   Number         0  cmd.o(FSymTab)
    __tagsym$$used.5                         0x08006cec   Number         0  cmd.o(FSymTab)
    __tagsym$$used.6                         0x08006cf8   Number         0  cmd.o(FSymTab)
    __tagsym$$used.0                         0x08006d04   Number         0  msh.o(FSymTab)
    __tagsym$$used.0                         0x08006d10   Number         0  board.o(FSymTab)
    .data                                    0x20000000   Section        4  stdout.o(.data)
    _object_container                        0x20000008   Data          80  object.o(.data._object_container)
    [Anonymous Symbol]                       0x20000008   Section        0  object.o(.data._object_container)
    _rt_thread_defunct                       0x20000058   Data           8  idle.o(.data._rt_thread_defunct)
    [Anonymous Symbol]                       0x20000058   Section        0  idle.o(.data._rt_thread_defunct)
    UartHandle                               0x20000070   Data         136  board.o(.bss.UartHandle)
    [Anonymous Symbol]                       0x20000070   Section        0  board.o(.bss.UartHandle)
    _timer_list                              0x20000100   Data           8  timer.o(.bss._timer_list)
    [Anonymous Symbol]                       0x20000100   Section        0  timer.o(.bss._timer_list)
    fac_us                                   0x20000108   Data           4  delay.o(.bss.fac_us)
    [Anonymous Symbol]                       0x20000108   Section        0  delay.o(.bss.fac_us)
    finsh_get_prompt.finsh_prompt            0x2000010c   Data         129  shell.o(.bss.finsh_get_prompt.finsh_prompt)
    [Anonymous Symbol]                       0x2000010c   Section        0  shell.o(.bss.finsh_get_prompt.finsh_prompt)
    finsh_prompt_custom                      0x20000190   Data           4  shell.o(.bss.finsh_prompt_custom)
    [Anonymous Symbol]                       0x20000190   Section        0  shell.o(.bss.finsh_prompt_custom)
    idle                                     0x2000021c   Data         120  idle.o(.bss.idle)
    [Anonymous Symbol]                       0x2000021c   Section        0  idle.o(.bss.idle)
    rt_exception_hook                        0x2000029c   Data           4  cpuport.o(.bss.rt_exception_hook)
    [Anonymous Symbol]                       0x2000029c   Section        0  cpuport.o(.bss.rt_exception_hook)
    rt_heap                                  0x200002a0   Data       15360  board.o(.bss.rt_heap)
    [Anonymous Symbol]                       0x200002a0   Section        0  board.o(.bss.rt_heap)
    rt_kprintf.rt_log_buf                    0x20003eac   Data         128  kservice.o(.bss.rt_kprintf.rt_log_buf)
    [Anonymous Symbol]                       0x20003eac   Section        0  kservice.o(.bss.rt_kprintf.rt_log_buf)
    rt_scheduler_lock_nest                   0x20003f2c   Data           2  scheduler.o(.bss.rt_scheduler_lock_nest)
    [Anonymous Symbol]                       0x20003f2c   Section        0  scheduler.o(.bss.rt_scheduler_lock_nest)
    rt_thread_stack                          0x20004034   Data         256  idle.o(.bss.rt_thread_stack)
    [Anonymous Symbol]                       0x20004034   Section        0  idle.o(.bss.rt_thread_stack)
    rt_tick                                  0x20004138   Data           4  clock.o(.bss.rt_tick)
    [Anonymous Symbol]                       0x20004138   Section        0  clock.o(.bss.rt_tick)
    rt_timer_start.random_nr                 0x2000413c   Data           4  timer.o(.bss.rt_timer_start.random_nr)
    [Anonymous Symbol]                       0x2000413c   Section        0  timer.o(.bss.rt_timer_start.random_nr)
    system_heap                              0x20004144   Data           4  kservice.o(.bss.system_heap)
    [Anonymous Symbol]                       0x20004144   Section        0  kservice.o(.bss.system_heap)
    STACK                                    0x20004150   Section     1024  startup_stm32l475xx.o(STACK)

    Global Symbols

    Symbol Name                              Value     Ov Type        Size  Object(Section)

    BuildAttributes$$THM_ISAv4$E$P$D$K$B$S$7EM$VFPi3$EXTD16$VFPS$VFMA$PE$A:L22UL41UL21$X:L11$S22US41US21$IEEE1$IW$~IW$USESV6$~STKCKD$USESV7$~SHL$OTIME$ROPI$EBA8$MICROLIB$REQ8$PRES8$EABIv2 0x00000000   Number         0  anon$$obj.o ABSOLUTE
    _printf_a                                0x00000000   Number         0  printfstubs.o ABSOLUTE
    _printf_c                                0x00000000   Number         0  printfstubs.o ABSOLUTE
    _printf_charcount                        0x00000000   Number         0  printfstubs.o ABSOLUTE
    _printf_d                                0x00000000   Number         0  printfstubs.o ABSOLUTE
    _printf_e                                0x00000000   Number         0  printfstubs.o ABSOLUTE
    _printf_f                                0x00000000   Number         0  printfstubs.o ABSOLUTE
    _printf_flags                            0x00000000   Number         0  printfstubs.o ABSOLUTE
    _printf_fp_dec                           0x00000000   Number         0  printfstubs.o ABSOLUTE
    _printf_fp_hex                           0x00000000   Number         0  printfstubs.o ABSOLUTE
    _printf_g                                0x00000000   Number         0  printfstubs.o ABSOLUTE
    _printf_i                                0x00000000   Number         0  printfstubs.o ABSOLUTE
    _printf_int_dec                          0x00000000   Number         0  printfstubs.o ABSOLUTE
    _printf_l                                0x00000000   Number         0  printfstubs.o ABSOLUTE
    _printf_lc                               0x00000000   Number         0  printfstubs.o ABSOLUTE
    _printf_ll                               0x00000000   Number         0  printfstubs.o ABSOLUTE
    _printf_lld                              0x00000000   Number         0  printfstubs.o ABSOLUTE
    _printf_lli                              0x00000000   Number         0  printfstubs.o ABSOLUTE
    _printf_llo                              0x00000000   Number         0  printfstubs.o ABSOLUTE
    _printf_llu                              0x00000000   Number         0  printfstubs.o ABSOLUTE
    _printf_llx                              0x00000000   Number         0  printfstubs.o ABSOLUTE
    _printf_longlong_dec                     0x00000000   Number         0  printfstubs.o ABSOLUTE
    _printf_longlong_hex                     0x00000000   Number         0  printfstubs.o ABSOLUTE
    _printf_longlong_oct                     0x00000000   Number         0  printfstubs.o ABSOLUTE
    _printf_ls                               0x00000000   Number         0  printfstubs.o ABSOLUTE
    _printf_mbtowc                           0x00000000   Number         0  printfstubs.o ABSOLUTE
    _printf_n                                0x00000000   Number         0  printfstubs.o ABSOLUTE
    _printf_o                                0x00000000   Number         0  printfstubs.o ABSOLUTE
    _printf_p                                0x00000000   Number         0  printfstubs.o ABSOLUTE
    _printf_percent                          0x00000000   Number         0  printfstubs.o ABSOLUTE
    _printf_pre_padding                      0x00000000   Number         0  printfstubs.o ABSOLUTE
    _printf_return_value                     0x00000000   Number         0  printfstubs.o ABSOLUTE
    _printf_s                                0x00000000   Number         0  printfstubs.o ABSOLUTE
    _printf_sizespec                         0x00000000   Number         0  printfstubs.o ABSOLUTE
    _printf_str                              0x00000000   Number         0  printfstubs.o ABSOLUTE
    _printf_truncate_signed                  0x00000000   Number         0  printfstubs.o ABSOLUTE
    _printf_truncate_unsigned                0x00000000   Number         0  printfstubs.o ABSOLUTE
    _printf_u                                0x00000000   Number         0  printfstubs.o ABSOLUTE
    _printf_wc                               0x00000000   Number         0  printfstubs.o ABSOLUTE
    _printf_wctomb                           0x00000000   Number         0  printfstubs.o ABSOLUTE
    _printf_widthprec                        0x00000000   Number         0  printfstubs.o ABSOLUTE
    _printf_x                                0x00000000   Number         0  printfstubs.o ABSOLUTE
    __cpp_initialize__aeabi_                  - Undefined Weak Reference
    __cxa_finalize                            - Undefined Weak Reference
    __decompress                              - Undefined Weak Reference
    _clock_init                               - Undefined Weak Reference
    _microlib_exit                            - Undefined Weak Reference
    __Vectors_Size                           0x00000188   Number         0  startup_stm32l475xx.o ABSOLUTE
    __Vectors                                0x08000000   Data           4  startup_stm32l475xx.o(RESET)
    __Vectors_End                            0x08000188   Data           0  startup_stm32l475xx.o(RESET)
    __main                                   0x08000189   Thumb Code     0  entry.o(.ARM.Collect$$$$00000000)
    _main_stk                                0x08000189   Thumb Code     0  entry2.o(.ARM.Collect$$$$00000001)
    _main_scatterload                        0x0800018d   Thumb Code     0  entry5.o(.ARM.Collect$$$$00000004)
    __main_after_scatterload                 0x08000191   Thumb Code     0  entry5.o(.ARM.Collect$$$$00000004)
    _main_clock                              0x08000191   Thumb Code     0  entry7b.o(.ARM.Collect$$$$00000008)
    _main_cpp_init                           0x08000191   Thumb Code     0  entry8b.o(.ARM.Collect$$$$0000000A)
    _main_init                               0x08000191   Thumb Code     0  entry9a.o(.ARM.Collect$$$$0000000B)
    __rt_final_cpp                           0x08000199   Thumb Code     0  entry10a.o(.ARM.Collect$$$$0000000D)
    __rt_final_exit                          0x08000199   Thumb Code     0  entry11a.o(.ARM.Collect$$$$0000000F)
    Reset_Handler                            0x0800019d   Thumb Code     8  startup_stm32l475xx.o(.text)
    SVC_Handler                              0x080001af   Thumb Code     2  startup_stm32l475xx.o(.text)
    ADC1_2_IRQHandler                        0x080001b7   Thumb Code     0  startup_stm32l475xx.o(.text)
    ADC3_IRQHandler                          0x080001b7   Thumb Code     0  startup_stm32l475xx.o(.text)
    CAN1_RX0_IRQHandler                      0x080001b7   Thumb Code     0  startup_stm32l475xx.o(.text)
    CAN1_RX1_IRQHandler                      0x080001b7   Thumb Code     0  startup_stm32l475xx.o(.text)
    CAN1_SCE_IRQHandler                      0x080001b7   Thumb Code     0  startup_stm32l475xx.o(.text)
    CAN1_TX_IRQHandler                       0x080001b7   Thumb Code     0  startup_stm32l475xx.o(.text)
    COMP_IRQHandler                          0x080001b7   Thumb Code     0  startup_stm32l475xx.o(.text)
    DFSDM1_FLT0_IRQHandler                   0x080001b7   Thumb Code     0  startup_stm32l475xx.o(.text)
    DFSDM1_FLT1_IRQHandler                   0x080001b7   Thumb Code     0  startup_stm32l475xx.o(.text)
    DFSDM1_FLT2_IRQHandler                   0x080001b7   Thumb Code     0  startup_stm32l475xx.o(.text)
    DFSDM1_FLT3_IRQHandler                   0x080001b7   Thumb Code     0  startup_stm32l475xx.o(.text)
    DMA1_Channel1_IRQHandler                 0x080001b7   Thumb Code     0  startup_stm32l475xx.o(.text)
    DMA1_Channel2_IRQHandler                 0x080001b7   Thumb Code     0  startup_stm32l475xx.o(.text)
    DMA1_Channel3_IRQHandler                 0x080001b7   Thumb Code     0  startup_stm32l475xx.o(.text)
    DMA1_Channel4_IRQHandler                 0x080001b7   Thumb Code     0  startup_stm32l475xx.o(.text)
    DMA1_Channel5_IRQHandler                 0x080001b7   Thumb Code     0  startup_stm32l475xx.o(.text)
    DMA1_Channel6_IRQHandler                 0x080001b7   Thumb Code     0  startup_stm32l475xx.o(.text)
    DMA1_Channel7_IRQHandler                 0x080001b7   Thumb Code     0  startup_stm32l475xx.o(.text)
    DMA2_Channel1_IRQHandler                 0x080001b7   Thumb Code     0  startup_stm32l475xx.o(.text)
    DMA2_Channel2_IRQHandler                 0x080001b7   Thumb Code     0  startup_stm32l475xx.o(.text)
    DMA2_Channel3_IRQHandler                 0x080001b7   Thumb Code     0  startup_stm32l475xx.o(.text)
    DMA2_Channel4_IRQHandler                 0x080001b7   Thumb Code     0  startup_stm32l475xx.o(.text)
    DMA2_Channel5_IRQHandler                 0x080001b7   Thumb Code     0  startup_stm32l475xx.o(.text)
    DMA2_Channel6_IRQHandler                 0x080001b7   Thumb Code     0  startup_stm32l475xx.o(.text)
    DMA2_Channel7_IRQHandler                 0x080001b7   Thumb Code     0  startup_stm32l475xx.o(.text)
    EXTI0_IRQHandler                         0x080001b7   Thumb Code     0  startup_stm32l475xx.o(.text)
    EXTI15_10_IRQHandler                     0x080001b7   Thumb Code     0  startup_stm32l475xx.o(.text)
    EXTI1_IRQHandler                         0x080001b7   Thumb Code     0  startup_stm32l475xx.o(.text)
    EXTI2_IRQHandler                         0x080001b7   Thumb Code     0  startup_stm32l475xx.o(.text)
    EXTI3_IRQHandler                         0x080001b7   Thumb Code     0  startup_stm32l475xx.o(.text)
    EXTI4_IRQHandler                         0x080001b7   Thumb Code     0  startup_stm32l475xx.o(.text)
    EXTI9_5_IRQHandler                       0x080001b7   Thumb Code     0  startup_stm32l475xx.o(.text)
    FLASH_IRQHandler                         0x080001b7   Thumb Code     0  startup_stm32l475xx.o(.text)
    FMC_IRQHandler                           0x080001b7   Thumb Code     0  startup_stm32l475xx.o(.text)
    FPU_IRQHandler                           0x080001b7   Thumb Code     0  startup_stm32l475xx.o(.text)
    I2C1_ER_IRQHandler                       0x080001b7   Thumb Code     0  startup_stm32l475xx.o(.text)
    I2C1_EV_IRQHandler                       0x080001b7   Thumb Code     0  startup_stm32l475xx.o(.text)
    I2C2_ER_IRQHandler                       0x080001b7   Thumb Code     0  startup_stm32l475xx.o(.text)
    I2C2_EV_IRQHandler                       0x080001b7   Thumb Code     0  startup_stm32l475xx.o(.text)
    I2C3_ER_IRQHandler                       0x080001b7   Thumb Code     0  startup_stm32l475xx.o(.text)
    I2C3_EV_IRQHandler                       0x080001b7   Thumb Code     0  startup_stm32l475xx.o(.text)
    LPTIM1_IRQHandler                        0x080001b7   Thumb Code     0  startup_stm32l475xx.o(.text)
    LPTIM2_IRQHandler                        0x080001b7   Thumb Code     0  startup_stm32l475xx.o(.text)
    LPUART1_IRQHandler                       0x080001b7   Thumb Code     0  startup_stm32l475xx.o(.text)
    OTG_FS_IRQHandler                        0x080001b7   Thumb Code     0  startup_stm32l475xx.o(.text)
    PVD_PVM_IRQHandler                       0x080001b7   Thumb Code     0  startup_stm32l475xx.o(.text)
    QUADSPI_IRQHandler                       0x080001b7   Thumb Code     0  startup_stm32l475xx.o(.text)
    RCC_IRQHandler                           0x080001b7   Thumb Code     0  startup_stm32l475xx.o(.text)
    RNG_IRQHandler                           0x080001b7   Thumb Code     0  startup_stm32l475xx.o(.text)
    RTC_Alarm_IRQHandler                     0x080001b7   Thumb Code     0  startup_stm32l475xx.o(.text)
    RTC_WKUP_IRQHandler                      0x080001b7   Thumb Code     0  startup_stm32l475xx.o(.text)
    SAI1_IRQHandler                          0x080001b7   Thumb Code     0  startup_stm32l475xx.o(.text)
    SAI2_IRQHandler                          0x080001b7   Thumb Code     0  startup_stm32l475xx.o(.text)
    SDMMC1_IRQHandler                        0x080001b7   Thumb Code     0  startup_stm32l475xx.o(.text)
    SPI1_IRQHandler                          0x080001b7   Thumb Code     0  startup_stm32l475xx.o(.text)
    SPI2_IRQHandler                          0x080001b7   Thumb Code     0  startup_stm32l475xx.o(.text)
    SPI3_IRQHandler                          0x080001b7   Thumb Code     0  startup_stm32l475xx.o(.text)
    SWPMI1_IRQHandler                        0x080001b7   Thumb Code     0  startup_stm32l475xx.o(.text)
    TAMP_STAMP_IRQHandler                    0x080001b7   Thumb Code     0  startup_stm32l475xx.o(.text)
    TIM1_BRK_TIM15_IRQHandler                0x080001b7   Thumb Code     0  startup_stm32l475xx.o(.text)
    TIM1_CC_IRQHandler                       0x080001b7   Thumb Code     0  startup_stm32l475xx.o(.text)
    TIM1_TRG_COM_TIM17_IRQHandler            0x080001b7   Thumb Code     0  startup_stm32l475xx.o(.text)
    TIM1_UP_TIM16_IRQHandler                 0x080001b7   Thumb Code     0  startup_stm32l475xx.o(.text)
    TIM2_IRQHandler                          0x080001b7   Thumb Code     0  startup_stm32l475xx.o(.text)
    TIM3_IRQHandler                          0x080001b7   Thumb Code     0  startup_stm32l475xx.o(.text)
    TIM4_IRQHandler                          0x080001b7   Thumb Code     0  startup_stm32l475xx.o(.text)
    TIM5_IRQHandler                          0x080001b7   Thumb Code     0  startup_stm32l475xx.o(.text)
    TIM6_DAC_IRQHandler                      0x080001b7   Thumb Code     0  startup_stm32l475xx.o(.text)
    TIM7_IRQHandler                          0x080001b7   Thumb Code     0  startup_stm32l475xx.o(.text)
    TIM8_BRK_IRQHandler                      0x080001b7   Thumb Code     0  startup_stm32l475xx.o(.text)
    TIM8_CC_IRQHandler                       0x080001b7   Thumb Code     0  startup_stm32l475xx.o(.text)
    TIM8_TRG_COM_IRQHandler                  0x080001b7   Thumb Code     0  startup_stm32l475xx.o(.text)
    TIM8_UP_IRQHandler                       0x080001b7   Thumb Code     0  startup_stm32l475xx.o(.text)
    TSC_IRQHandler                           0x080001b7   Thumb Code     0  startup_stm32l475xx.o(.text)
    UART4_IRQHandler                         0x080001b7   Thumb Code     0  startup_stm32l475xx.o(.text)
    UART5_IRQHandler                         0x080001b7   Thumb Code     0  startup_stm32l475xx.o(.text)
    USART1_IRQHandler                        0x080001b7   Thumb Code     0  startup_stm32l475xx.o(.text)
    USART2_IRQHandler                        0x080001b7   Thumb Code     0  startup_stm32l475xx.o(.text)
    USART3_IRQHandler                        0x080001b7   Thumb Code     0  startup_stm32l475xx.o(.text)
    WWDG_IRQHandler                          0x080001b7   Thumb Code     0  startup_stm32l475xx.o(.text)
    rt_hw_interrupt_disable                  0x080001c1   Thumb Code     8  context_rvds.o(.text)
    rt_hw_interrupt_enable                   0x080001c9   Thumb Code     6  context_rvds.o(.text)
    rt_hw_context_switch                     0x080001cf   Thumb Code    32  context_rvds.o(.text)
    rt_hw_context_switch_interrupt           0x080001cf   Thumb Code     0  context_rvds.o(.text)
    PendSV_Handler                           0x080001ef   Thumb Code   108  context_rvds.o(.text)
    rt_hw_context_switch_to                  0x0800025b   Thumb Code    76  context_rvds.o(.text)
    rt_hw_interrupt_thread_switch            0x080002a7   Thumb Code     2  context_rvds.o(.text)
    HardFault_Handler                        0x080002a9   Thumb Code    56  context_rvds.o(.text)
    __aeabi_uldivmod                         0x08000309   Thumb Code    98  uldiv.o(.text)
    __aeabi_memset                           0x08000371   Thumb Code    14  memseta.o(.text)
    __aeabi_memset4                          0x08000371   Thumb Code     0  memseta.o(.text)
    __aeabi_memset8                          0x08000371   Thumb Code     0  memseta.o(.text)
    __aeabi_memclr                           0x0800037f   Thumb Code     4  memseta.o(.text)
    __aeabi_memclr4                          0x0800037f   Thumb Code     0  memseta.o(.text)
    __aeabi_memclr8                          0x0800037f   Thumb Code     0  memseta.o(.text)
    _memset$wrapper                          0x08000383   Thumb Code    18  memseta.o(.text)
    strncpy                                  0x08000395   Thumb Code    24  strncpy.o(.text)
    strlen                                   0x080003ad   Thumb Code    14  strlen.o(.text)
    strcmp                                   0x080003bb   Thumb Code    28  strcmp.o(.text)
    strncmp                                  0x080003d7   Thumb Code    30  strncmp.o(.text)
    __aeabi_dadd                             0x080003f5   Thumb Code   322  dadd.o(.text)
    __aeabi_dsub                             0x08000537   Thumb Code     6  dadd.o(.text)
    __aeabi_drsub                            0x0800053d   Thumb Code     6  dadd.o(.text)
    __aeabi_dmul                             0x08000553   Thumb Code   228  dmul.o(.text)
    __aeabi_i2d                              0x0800063d   Thumb Code    34  dflti.o(.text)
    __aeabi_f2d                              0x0800065f   Thumb Code    38  f2d.o(.text)
    __aeabi_d2f                              0x08000685   Thumb Code    56  d2f.o(.text)
    __aeabi_uidiv                            0x080006bd   Thumb Code     0  uidiv.o(.text)
    __aeabi_uidivmod                         0x080006bd   Thumb Code    44  uidiv.o(.text)
    __aeabi_llsl                             0x080006e9   Thumb Code    30  llshl.o(.text)
    _ll_shift_l                              0x080006e9   Thumb Code     0  llshl.o(.text)
    __aeabi_llsr                             0x08000707   Thumb Code    32  llushr.o(.text)
    _ll_ushift_r                             0x08000707   Thumb Code     0  llushr.o(.text)
    __aeabi_lasr                             0x08000727   Thumb Code    36  llsshr.o(.text)
    _ll_sshift_r                             0x08000727   Thumb Code     0  llsshr.o(.text)
    __I$use$fp                               0x0800074b   Thumb Code     0  iusefp.o(.text)
    _float_round                             0x0800074b   Thumb Code    18  fepilogue.o(.text)
    _float_epilogue                          0x0800075d   Thumb Code    92  fepilogue.o(.text)
    _double_round                            0x080007b9   Thumb Code    30  depilogue.o(.text)
    _double_epilogue                         0x080007d7   Thumb Code   156  depilogue.o(.text)
    __aeabi_ddiv                             0x08000873   Thumb Code   222  ddiv.o(.text)
    __aeabi_d2ulz                            0x08000951   Thumb Code    48  dfixul.o(.text)
    __aeabi_cdrcmple                         0x08000981   Thumb Code    48  cdrcmple.o(.text)
    __scatterload                            0x080009b1   Thumb Code    38  init.o(.text)
    __scatterload_rt2                        0x080009b1   Thumb Code     0  init.o(.text)
    main                                     0x080009e1   Thumb Code    84  components.o(.text.$Sub$$main)
    AHT10_Init                               0x08000a35   Thumb Code    80  aht10.o(.text.AHT10_Init)
    AHT10_Read_Humidity                      0x08000a89   Thumb Code   120  aht10.o(.text.AHT10_Read_Humidity)
    AHT10_Read_Temperature                   0x08000b11   Thumb Code   136  aht10.o(.text.AHT10_Read_Temperature)
    BusFault_Handler                         0x08000bb1   Thumb Code     2  stm32l4xx_it.o(.text.BusFault_Handler)
    DebugMon_Handler                         0x08000bb5   Thumb Code     2  stm32l4xx_it.o(.text.DebugMon_Handler)
    Error_Handler                            0x08000bb9   Thumb Code    10  main.o(.text.Error_Handler)
    HAL_GPIO_Init                            0x08000bc5   Thumb Code   434  stm32l4xx_hal_gpio.o(.text.HAL_GPIO_Init)
    HAL_GPIO_ReadPin                         0x08000d7d   Thumb Code    10  stm32l4xx_hal_gpio.o(.text.HAL_GPIO_ReadPin)
    HAL_GPIO_WritePin                        0x08000d89   Thumb Code    12  stm32l4xx_hal_gpio.o(.text.HAL_GPIO_WritePin)
    HAL_GetTick                              0x08000d95   Thumb Code    12  stm32l4xx_hal.o(.text.HAL_GetTick)
    HAL_Init                                 0x08000da1   Thumb Code    30  stm32l4xx_hal.o(.text.HAL_Init)
    HAL_InitTick                             0x08000dc1   Thumb Code    90  stm32l4xx_hal.o(.text.HAL_InitTick)
    HAL_MspInit                              0x08000e1d   Thumb Code    50  stm32l4xx_hal_msp.o(.text.HAL_MspInit)
    HAL_NVIC_SetPriority                     0x08000e51   Thumb Code    86  stm32l4xx_hal_cortex.o(.text.HAL_NVIC_SetPriority)
    HAL_NVIC_SetPriorityGrouping             0x08000ea9   Thumb Code    32  stm32l4xx_hal_cortex.o(.text.HAL_NVIC_SetPriorityGrouping)
    HAL_PWREx_ControlVoltageScaling          0x08000ec9   Thumb Code   134  stm32l4xx_hal_pwr_ex.o(.text.HAL_PWREx_ControlVoltageScaling)
    HAL_PWREx_GetVoltageRange                0x08000f51   Thumb Code    16  stm32l4xx_hal_pwr_ex.o(.text.HAL_PWREx_GetVoltageRange)
    HAL_RCCEx_PeriphCLKConfig                0x08000f61   Thumb Code   944  stm32l4xx_hal_rcc_ex.o(.text.HAL_RCCEx_PeriphCLKConfig)
    HAL_RCC_ClockConfig                      0x08001311   Thumb Code   574  stm32l4xx_hal_rcc.o(.text.HAL_RCC_ClockConfig)
    HAL_RCC_GetHCLKFreq                      0x08001551   Thumb Code    12  stm32l4xx_hal_rcc.o(.text.HAL_RCC_GetHCLKFreq)
    HAL_RCC_GetPCLK1Freq                     0x0800155d   Thumb Code    42  stm32l4xx_hal_rcc.o(.text.HAL_RCC_GetPCLK1Freq)
    HAL_RCC_GetPCLK2Freq                     0x08001589   Thumb Code    42  stm32l4xx_hal_rcc.o(.text.HAL_RCC_GetPCLK2Freq)
    HAL_RCC_GetSysClockFreq                  0x080015b5   Thumb Code   192  stm32l4xx_hal_rcc.o(.text.HAL_RCC_GetSysClockFreq)
    HAL_RCC_OscConfig                        0x08001675   Thumb Code  1846  stm32l4xx_hal_rcc.o(.text.HAL_RCC_OscConfig)
    HAL_SYSTICK_CLKSourceConfig              0x08001dad   Thumb Code    24  stm32l4xx_hal_cortex.o(.text.HAL_SYSTICK_CLKSourceConfig)
    HAL_SYSTICK_Config                       0x08001dc5   Thumb Code    44  stm32l4xx_hal_cortex.o(.text.HAL_SYSTICK_Config)
    HAL_UART_Init                            0x08001df1   Thumb Code    94  stm32l4xx_hal_uart.o(.text.HAL_UART_Init)
    HAL_UART_MspInit                         0x08001e51   Thumb Code   144  usart.o(.text.HAL_UART_MspInit)
    HAL_UART_Transmit                        0x08001ee1   Thumb Code   250  stm32l4xx_hal_uart.o(.text.HAL_UART_Transmit)
    IIC_Init                                 0x08001fdd   Thumb Code   134  myiic.o(.text.IIC_Init)
    IIC_Read_Byte                            0x08002065   Thumb Code   182  myiic.o(.text.IIC_Read_Byte)
    IIC_Read_Data                            0x0800211d   Thumb Code   230  myiic.o(.text.IIC_Read_Data)
    IIC_Send_Byte                            0x08002205   Thumb Code   110  myiic.o(.text.IIC_Send_Byte)
    IIC_Wait_Ack                             0x08002275   Thumb Code   166  myiic.o(.text.IIC_Wait_Ack)
    IIC_Write_Data                           0x0800231d   Thumb Code   230  myiic.o(.text.IIC_Write_Data)
    MX_GPIO_Init                             0x08002405   Thumb Code   142  gpio.o(.text.MX_GPIO_Init)
    MX_USART1_UART_Init                      0x08002495   Thumb Code    64  usart.o(.text.MX_USART1_UART_Init)
    MemManage_Handler                        0x080024d5   Thumb Code     2  stm32l4xx_it.o(.text.MemManage_Handler)
    NMI_Handler                              0x080024d9   Thumb Code     2  stm32l4xx_it.o(.text.NMI_Handler)
    SysTick_Handler                          0x080027c1   Thumb Code    18  board.o(.text.SysTick_Handler)
    SystemClock_Config                       0x080027d5   Thumb Code   126  main.o(.text.SystemClock_Config)
    SystemCoreClockUpdate                    0x08002855   Thumb Code   190  system_stm32l4xx.o(.text.SystemCoreClockUpdate)
    SystemInit                               0x08002915   Thumb Code    18  system_stm32l4xx.o(.text.SystemInit)
    UART_AdvFeatureConfig                    0x080029ad   Thumb Code   230  stm32l4xx_hal_uart.o(.text.UART_AdvFeatureConfig)
    UART_CheckIdleState                      0x08002a95   Thumb Code   188  stm32l4xx_hal_uart.o(.text.UART_CheckIdleState)
    UART_SetConfig                           0x08002b51   Thumb Code   592  stm32l4xx_hal_uart.o(.text.UART_SetConfig)
    UART_WaitOnFlagUntilTimeout              0x08002db1   Thumb Code   310  stm32l4xx_hal_uart.o(.text.UART_WaitOnFlagUntilTimeout)
    UsageFault_Handler                       0x08002ee9   Thumb Code     2  stm32l4xx_it.o(.text.UsageFault_Handler)
    __rt_ffs                                 0x08002eed   Thumb Code    56  kservice.o(.text.__rt_ffs)
    cmd_list                                 0x08002fad   Thumb Code   144  cmd.o(.text.cmd_list)
    delay_init                               0x080030c5   Thumb Code    22  delay.o(.text.delay_init)
    delay_ms                                 0x080030dd   Thumb Code    84  delay.o(.text.delay_ms)
    delay_us                                 0x08003131   Thumb Code    58  delay.o(.text.delay_us)
    finsh_system_init                        0x0800316d   Thumb Code   148  shell.o(.text.finsh_system_init)
    finsh_thread_entry                       0x08003229   Thumb Code  1076  shell.o(.text.finsh_thread_entry)
    fputc                                    0x08003675   Thumb Code    20  main.o(.text.fputc)
    list_msgqueue                            0x080036a5   Thumb Code   336  cmd.o(.text.list_msgqueue)
    list_sem                                 0x08003859   Thumb Code   328  cmd.o(.text.list_sem)
    list_thread                              0x08003a09   Thumb Code   336  cmd.o(.text.list_thread)
    list_timer                               0x08003be9   Thumb Code   288  cmd.o(.text.list_timer)
    $Super$$main                             0x08003da1   Thumb Code   232  main.o(.text.main)
    main_thread_entry                        0x08003ea9   Thumb Code    50  components.o(.text.main_thread_entry)
    msh_auto_complete                        0x08003edd   Thumb Code   264  msh.o(.text.msh_auto_complete)
    msh_exec                                 0x08003fe9   Thumb Code   476  msh.o(.text.msh_exec)
    msh_help                                 0x08004201   Thumb Code    90  msh.o(.text.msh_help)
    rt_calloc                                0x0800443d   Thumb Code    32  kservice.o(.text.rt_calloc)
    rt_components_board_init                 0x0800445d   Thumb Code    42  components.o(.text.rt_components_board_init)
    rt_enter_critical                        0x08004489   Thumb Code    28  scheduler.o(.text.rt_enter_critical)
    rt_exit_critical                         0x080044a5   Thumb Code    66  scheduler.o(.text.rt_exit_critical)
    rt_free                                  0x080044e9   Thumb Code    28  kservice.o(.text.rt_free)
    rt_heap_begin_get                        0x08004505   Thumb Code    10  board.o(.text.rt_heap_begin_get)
    rt_heap_end_get                          0x08004511   Thumb Code    14  board.o(.text.rt_heap_end_get)
    rt_hw_board_init                         0x08004521   Thumb Code    62  board.o(.text.rt_hw_board_init)
    rt_hw_console_getchar                    0x08004561   Thumb Code    40  board.o(.text.rt_hw_console_getchar)
    rt_hw_console_output                     0x08004589   Thumb Code    96  board.o(.text.rt_hw_console_output)
    rt_hw_cpu_reset                          0x080045e9   Thumb Code    18  cpuport.o(.text.rt_hw_cpu_reset)
    rt_hw_hard_fault_exception               0x080045fd   Thumb Code   792  cpuport.o(.text.rt_hw_hard_fault_exception)
    rt_hw_stack_init                         0x080049bd   Thumb Code    66  cpuport.o(.text.rt_hw_stack_init)
    rt_interrupt_enter                       0x08004a01   Thumb Code    28  irq.o(.text.rt_interrupt_enter)
    rt_interrupt_leave                       0x08004a1d   Thumb Code    28  irq.o(.text.rt_interrupt_leave)
    rt_kprintf                               0x08004a39   Thumb Code    62  kservice.o(.text.rt_kprintf)
    rt_malloc                                0x08004a79   Thumb Code    34  kservice.o(.text.rt_malloc)
    rt_memcpy                                0x08004a9d   Thumb Code   154  kservice.o(.text.rt_memcpy)
    rt_memmove                               0x08004b39   Thumb Code    58  kservice.o(.text.rt_memmove)
    rt_memset                                0x08004b75   Thumb Code   114  kservice.o(.text.rt_memset)
    rt_object_allocate                       0x08004be9   Thumb Code   104  object.o(.text.rt_object_allocate)
    rt_object_delete                         0x08004c51   Thumb Code    44  object.o(.text.rt_object_delete)
    rt_object_detach                         0x08004c7d   Thumb Code    36  object.o(.text.rt_object_detach)
    rt_object_get_information                0x08004ca1   Thumb Code    34  object.o(.text.rt_object_get_information)
    rt_object_init                           0x08004cc5   Thumb Code   100  object.o(.text.rt_object_init)
    rt_object_is_systemobject                0x08004d29   Thumb Code     6  object.o(.text.rt_object_is_systemobject)
    rt_schedule                              0x08004d31   Thumb Code   472  scheduler.o(.text.rt_schedule)
    rt_schedule_insert_thread                0x08004f09   Thumb Code   132  scheduler.o(.text.rt_schedule_insert_thread)
    rt_schedule_remove_thread                0x08004f8d   Thumb Code    84  scheduler.o(.text.rt_schedule_remove_thread)
    rt_sem_init                              0x08004fe1   Thumb Code    32  ipc.o(.text.rt_sem_init)
    rt_show_version                          0x08005001   Thumb Code    60  kservice.o(.text.rt_show_version)
    rt_smem_alloc                            0x080050c9   Thumb Code   212  mem.o(.text.rt_smem_alloc)
    rt_smem_free                             0x0800519d   Thumb Code   154  mem.o(.text.rt_smem_free)
    rt_smem_init                             0x08005239   Thumb Code   136  mem.o(.text.rt_smem_init)
    rt_sprintf                               0x08005305   Thumb Code    36  kservice.o(.text.rt_sprintf)
    rt_strerror                              0x08005329   Thumb Code    28  kservice.o(.text.rt_strerror)
    rt_strlen                                0x08005375   Thumb Code    16  kservice.o(.text.rt_strlen)
    rt_strncpy                               0x08005385   Thumb Code    64  kservice.o(.text.rt_strncpy)
    rt_system_heap_init                      0x080053c5   Thumb Code    36  kservice.o(.text.rt_system_heap_init)
    rt_system_scheduler_init                 0x080053f1   Thumb Code    48  scheduler.o(.text.rt_system_scheduler_init)
    rt_system_scheduler_start                0x08005421   Thumb Code   112  scheduler.o(.text.rt_system_scheduler_start)
    rt_system_timer_init                     0x08005491   Thumb Code    14  timer.o(.text.rt_system_timer_init)
    rt_system_timer_thread_init              0x080054a1   Thumb Code     2  timer.o(.text.rt_system_timer_thread_init)
    rt_thread_create                         0x080054a5   Thumb Code   150  thread.o(.text.rt_thread_create)
    rt_thread_defunct_enqueue                0x0800553d   Thumb Code    22  idle.o(.text.rt_thread_defunct_enqueue)
    rt_thread_delay                          0x08005555   Thumb Code     4  thread.o(.text.rt_thread_delay)
    rt_thread_idle_init                      0x080055b9   Thumb Code    80  idle.o(.text.rt_thread_idle_init)
    rt_thread_init                           0x08005611   Thumb Code   138  thread.o(.text.rt_thread_init)
    rt_thread_mdelay                         0x0800569d   Thumb Code    14  thread.o(.text.rt_thread_mdelay)
    rt_thread_self                           0x080056ad   Thumb Code    12  thread.o(.text.rt_thread_self)
    rt_thread_sleep                          0x080056b9   Thumb Code   124  thread.o(.text.rt_thread_sleep)
    rt_thread_startup                        0x08005735   Thumb Code    88  thread.o(.text.rt_thread_startup)
    rt_tick_from_millisecond                 0x0800578d   Thumb Code     6  clock.o(.text.rt_tick_from_millisecond)
    rt_tick_get                              0x08005795   Thumb Code    12  clock.o(.text.rt_tick_get)
    rt_tick_increase                         0x080057a1   Thumb Code    82  clock.o(.text.rt_tick_increase)
    rt_timer_check                           0x080057f5   Thumb Code   176  timer.o(.text.rt_timer_check)
    rt_timer_control                         0x080058a5   Thumb Code    80  timer.o(.text.rt_timer_control)
    rt_timer_detach                          0x080058f5   Thumb Code    48  timer.o(.text.rt_timer_detach)
    rt_timer_init                            0x08005925   Thumb Code    50  timer.o(.text.rt_timer_init)
    rt_timer_start                           0x08005959   Thumb Code   134  timer.o(.text.rt_timer_start)
    rt_timer_stop                            0x080059e1   Thumb Code    56  timer.o(.text.rt_timer_stop)
    rt_vsnprintf                             0x08005a19   Thumb Code   868  kservice.o(.text.rt_vsnprintf)
    version                                  0x08005dd5   Thumb Code    10  cmd.o(.text.version)
    __0printf                                0x08005de1   Thumb Code    22  printfa.o(i.__0printf)
    __1printf                                0x08005de1   Thumb Code     0  printfa.o(i.__0printf)
    __2printf                                0x08005de1   Thumb Code     0  printfa.o(i.__0printf)
    __c89printf                              0x08005de1   Thumb Code     0  printfa.o(i.__0printf)
    printf                                   0x08005de1   Thumb Code     0  printfa.o(i.__0printf)
    __scatterload_copy                       0x08005e01   Thumb Code    14  handlers.o(i.__scatterload_copy)
    __scatterload_null                       0x08005e0f   Thumb Code     2  handlers.o(i.__scatterload_null)
    __scatterload_zeroinit                   0x08005e11   Thumb Code    14  handlers.o(i.__scatterload_zeroinit)
    puts                                     0x080066e1   Thumb Code    30  puts.o(i.puts)
    AHBPrescTable                            0x08006704   Data          16  system_stm32l4xx.o(.rodata.AHBPrescTable)
    APBPrescTable                            0x08006714   Data           8  system_stm32l4xx.o(.rodata.APBPrescTable)
    MSIRangeTable                            0x0800671c   Data          48  system_stm32l4xx.o(.rodata.MSIRangeTable)
    __lowest_bit_bitmap                      0x0800674c   Data         256  kservice.o(.rodata.__lowest_bit_bitmap)
    __fsym_clear_name                        0x0800685c   Data           6  cmd.o(.rodata.name)
    __fsym_clear_desc                        0x08006862   Data          26  cmd.o(.rodata.name)
    __fsym_version_name                      0x0800687c   Data           8  cmd.o(.rodata.name)
    __fsym_version_desc                      0x08006884   Data          35  cmd.o(.rodata.name)
    __fsym_list_thread_name                  0x080068a7   Data          12  cmd.o(.rodata.name)
    __fsym_list_thread_desc                  0x080068b3   Data          12  cmd.o(.rodata.name)
    __fsym_list_sem_name                     0x080068bf   Data           9  cmd.o(.rodata.name)
    __fsym_list_sem_desc                     0x080068c8   Data          25  cmd.o(.rodata.name)
    __fsym_list_msgqueue_name                0x080068e1   Data          14  cmd.o(.rodata.name)
    __fsym_list_msgqueue_desc                0x080068ef   Data          29  cmd.o(.rodata.name)
    __fsym_list_timer_name                   0x0800690c   Data          11  cmd.o(.rodata.name)
    __fsym_list_timer_desc                   0x08006917   Data          21  cmd.o(.rodata.name)
    __fsym_list_name                         0x0800692c   Data           5  cmd.o(.rodata.name)
    __fsym_list_desc                         0x08006931   Data          13  cmd.o(.rodata.name)
    __fsym_help_name                         0x0800693e   Data           5  msh.o(.rodata.name)
    __fsym_help_desc                         0x08006943   Data          22  msh.o(.rodata.name)
    __fsym_reboot_name                       0x08006959   Data           7  board.o(.rodata.name)
    __fsym_reboot_desc                       0x08006960   Data          14  board.o(.rodata.name)
    __rt_init_rti_start                      0x08006c94   Data           4  components.o(.rti_fn.0)
    __rt_init_rti_board_start                0x08006c98   Data           4  components.o(.rti_fn.0.end)
    __rt_init_uart_init                      0x08006c9c   Data           4  board.o(.rti_fn.1)
    __rt_init_rti_board_end                  0x08006ca0   Data           4  components.o(.rti_fn.1.end)
    __rt_init_ThreadInit                     0x08006ca4   Data           4  main.o(.rti_fn.6)
    __rt_init_finsh_system_init              0x08006ca8   Data           4  shell.o(.rti_fn.6)
    __rt_init_rti_end                        0x08006cac   Data           4  components.o(.rti_fn.6.end)
    FSymTab$$Base                            0x08006cb0   Number         0  cmd.o(FSymTab)
    __fsym_clear                             0x08006cb0   Data          12  cmd.o(FSymTab)
    __fsym_version                           0x08006cbc   Data          12  cmd.o(FSymTab)
    __fsym_list_thread                       0x08006cc8   Data          12  cmd.o(FSymTab)
    __fsym_list_sem                          0x08006cd4   Data          12  cmd.o(FSymTab)
    __fsym_list_msgqueue                     0x08006ce0   Data          12  cmd.o(FSymTab)
    __fsym_list_timer                        0x08006cec   Data          12  cmd.o(FSymTab)
    __fsym_list                              0x08006cf8   Data          12  cmd.o(FSymTab)
    __fsym_help                              0x08006d04   Data          12  msh.o(FSymTab)
    __fsym_reboot                            0x08006d10   Data          12  board.o(FSymTab)
    FSymTab$$Limit                           0x08006d1c   Number         0  board.o(FSymTab)
    Region$$Table$$Base                      0x08006d1c   Number         0  anon$$obj.o(Region$$Table)
    Region$$Table$$Limit                     0x08006d3c   Number         0  anon$$obj.o(Region$$Table)
    __stdout                                 0x20000000   Data           4  stdout.o(.data)
    SystemCoreClock                          0x20000004   Data           4  system_stm32l4xx.o(.data.SystemCoreClock)
    humidity                                 0x20000060   Data           4  main.o(.data.humidity)
    temperature                              0x20000064   Data           4  main.o(.data.temperature)
    uwTickFreq                               0x20000068   Data           1  stm32l4xx_hal.o(.data.uwTickFreq)
    uwTickPrio                               0x2000006c   Data           4  stm32l4xx_hal.o(.data.uwTickPrio)
    _syscall_table_begin                     0x200000f8   Data           4  shell.o(.bss._syscall_table_begin)
    _syscall_table_end                       0x200000fc   Data           4  shell.o(.bss._syscall_table_end)
    huart1                                   0x20000194   Data         136  usart.o(.bss.huart1)
    rt_current_priority                      0x20000294   Data           1  scheduler.o(.bss.rt_current_priority)
    rt_current_thread                        0x20000298   Data           4  scheduler.o(.bss.rt_current_thread)
    rt_interrupt_from_thread                 0x20003ea0   Data           4  cpuport.o(.bss.rt_interrupt_from_thread)
    rt_interrupt_nest                        0x20003ea4   Data           1  irq.o(.bss.rt_interrupt_nest)
    rt_interrupt_to_thread                   0x20003ea8   Data           4  cpuport.o(.bss.rt_interrupt_to_thread)
    rt_thread_priority_table                 0x20003f30   Data         256  scheduler.o(.bss.rt_thread_priority_table)
    rt_thread_ready_priority_group           0x20004030   Data           4  scheduler.o(.bss.rt_thread_ready_priority_group)
    rt_thread_switch_interrupt_flag          0x20004134   Data           4  cpuport.o(.bss.rt_thread_switch_interrupt_flag)
    shell                                    0x20004140   Data           4  shell.o(.bss.shell)
    uwTick                                   0x20004148   Data           4  stm32l4xx_hal.o(.bss.uwTick)
    __initial_sp                             0x20004550   Data           0  startup_stm32l475xx.o(STACK)



==============================================================================

Memory Map of the image

  Image Entry point : 0x08000189

  Load Region LR_IROM1 (Base: 0x08000000, Size: 0x00006db0, Max: 0x00080000, ABSOLUTE)

    Execution Region ER_IROM1 (Exec base: 0x08000000, Load base: 0x08000000, Size: 0x00006d3c, Max: 0x00080000, ABSOLUTE)

    Exec Addr    Load Addr    Size         Type   Attr      Idx    E Section Name        Object

    0x08000000   0x08000000   0x00000188   Data   RO            3    RESET               startup_stm32l475xx.o
    0x08000188   0x08000188   0x00000000   Code   RO         1530  * .ARM.Collect$$$$00000000  mc_w.l(entry.o)
    0x08000188   0x08000188   0x00000004   Code   RO         1852    .ARM.Collect$$$$00000001  mc_w.l(entry2.o)
    0x0800018c   0x0800018c   0x00000004   Code   RO         1855    .ARM.Collect$$$$00000004  mc_w.l(entry5.o)
    0x08000190   0x08000190   0x00000000   Code   RO         1857    .ARM.Collect$$$$00000008  mc_w.l(entry7b.o)
    0x08000190   0x08000190   0x00000000   Code   RO         1859    .ARM.Collect$$$$0000000A  mc_w.l(entry8b.o)
    0x08000190   0x08000190   0x00000008   Code   RO         1860    .ARM.Collect$$$$0000000B  mc_w.l(entry9a.o)
    0x08000198   0x08000198   0x00000000   Code   RO         1862    .ARM.Collect$$$$0000000D  mc_w.l(entry10a.o)
    0x08000198   0x08000198   0x00000000   Code   RO         1864    .ARM.Collect$$$$0000000F  mc_w.l(entry11a.o)
    0x08000198   0x08000198   0x00000004   Code   RO         1853    .ARM.Collect$$$$00002712  mc_w.l(entry2.o)
    0x0800019c   0x0800019c   0x00000024   Code   RO            4    .text               startup_stm32l475xx.o
    0x080001c0   0x080001c0   0x00000148   Code   RO         1104    .text               context_rvds.o
    0x08000308   0x08000308   0x00000068   Code   RO         1537    .text               mc_w.l(uldiv.o)
    0x08000370   0x08000370   0x00000024   Code   RO         1569    .text               mc_w.l(memseta.o)
    0x08000394   0x08000394   0x00000018   Code   RO         1571    .text               mc_w.l(strncpy.o)
    0x080003ac   0x080003ac   0x0000000e   Code   RO         1573    .text               mc_w.l(strlen.o)
    0x080003ba   0x080003ba   0x0000001c   Code   RO         1575    .text               mc_w.l(strcmp.o)
    0x080003d6   0x080003d6   0x0000001e   Code   RO         1579    .text               mc_w.l(strncmp.o)
    0x080003f4   0x080003f4   0x0000015e   Code   RO         1842    .text               mf_w.l(dadd.o)
    0x08000552   0x08000552   0x000000ea   Code   RO         1844    .text               mf_w.l(dmul.o)
    0x0800063c   0x0800063c   0x00000022   Code   RO         1846    .text               mf_w.l(dflti.o)
    0x0800065e   0x0800065e   0x00000026   Code   RO         1848    .text               mf_w.l(f2d.o)
    0x08000684   0x08000684   0x00000038   Code   RO         1850    .text               mf_w.l(d2f.o)
    0x080006bc   0x080006bc   0x0000002c   Code   RO         1876    .text               mc_w.l(uidiv.o)
    0x080006e8   0x080006e8   0x0000001e   Code   RO         1878    .text               mc_w.l(llshl.o)
    0x08000706   0x08000706   0x00000020   Code   RO         1880    .text               mc_w.l(llushr.o)
    0x08000726   0x08000726   0x00000024   Code   RO         1882    .text               mc_w.l(llsshr.o)
    0x0800074a   0x0800074a   0x00000000   Code   RO         1884    .text               mc_w.l(iusefp.o)
    0x0800074a   0x0800074a   0x0000006e   Code   RO         1885    .text               mf_w.l(fepilogue.o)
    0x080007b8   0x080007b8   0x000000ba   Code   RO         1887    .text               mf_w.l(depilogue.o)
    0x08000872   0x08000872   0x000000de   Code   RO         1889    .text               mf_w.l(ddiv.o)
    0x08000950   0x08000950   0x00000030   Code   RO         1891    .text               mf_w.l(dfixul.o)
    0x08000980   0x08000980   0x00000030   Code   RO         1893    .text               mf_w.l(cdrcmple.o)
    0x080009b0   0x080009b0   0x00000030   Code   RO         1895    .text               mc_w.l(init.o)
    0x080009e0   0x080009e0   0x00000054   Code   RO         1163    .text.$Sub$$main    components.o
    0x08000a34   0x08000a34   0x00000050   Code   RO          952    .text.AHT10_Init    aht10.o
    0x08000a84   0x08000a84   0x00000004   PAD
    0x08000a88   0x08000a88   0x00000088   Code   RO          950    .text.AHT10_Read_Humidity  aht10.o
    0x08000b10   0x08000b10   0x000000a0   Code   RO          948    .text.AHT10_Read_Temperature  aht10.o
    0x08000bb0   0x08000bb0   0x00000002   Code   RO           78    .text.BusFault_Handler  stm32l4xx_it.o
    0x08000bb2   0x08000bb2   0x00000002   PAD
    0x08000bb4   0x08000bb4   0x00000002   Code   RO           82    .text.DebugMon_Handler  stm32l4xx_it.o
    0x08000bb6   0x08000bb6   0x00000002   PAD
    0x08000bb8   0x08000bb8   0x0000000a   Code   RO           19    .text.Error_Handler  main.o
    0x08000bc2   0x08000bc2   0x00000002   PAD
    0x08000bc4   0x08000bc4   0x000001b8   Code   RO          504    .text.HAL_GPIO_Init  stm32l4xx_hal_gpio.o
    0x08000d7c   0x08000d7c   0x0000000a   Code   RO          508    .text.HAL_GPIO_ReadPin  stm32l4xx_hal_gpio.o
    0x08000d86   0x08000d86   0x00000002   PAD
    0x08000d88   0x08000d88   0x0000000c   Code   RO          510    .text.HAL_GPIO_WritePin  stm32l4xx_hal_gpio.o
    0x08000d94   0x08000d94   0x0000000c   Code   RO          285    .text.HAL_GetTick   stm32l4xx_hal.o
    0x08000da0   0x08000da0   0x0000001e   Code   RO          273    .text.HAL_Init      stm32l4xx_hal.o
    0x08000dbe   0x08000dbe   0x00000002   PAD
    0x08000dc0   0x08000dc0   0x0000005a   Code   RO          275    .text.HAL_InitTick  stm32l4xx_hal.o
    0x08000e1a   0x08000e1a   0x00000002   PAD
    0x08000e1c   0x08000e1c   0x00000032   Code   RO           91    .text.HAL_MspInit   stm32l4xx_hal_msp.o
    0x08000e4e   0x08000e4e   0x00000002   PAD
    0x08000e50   0x08000e50   0x00000056   Code   RO          689    .text.HAL_NVIC_SetPriority  stm32l4xx_hal_cortex.o
    0x08000ea6   0x08000ea6   0x00000002   PAD
    0x08000ea8   0x08000ea8   0x00000020   Code   RO          687    .text.HAL_NVIC_SetPriorityGrouping  stm32l4xx_hal_cortex.o
    0x08000ec8   0x08000ec8   0x00000086   Code   RO          603    .text.HAL_PWREx_ControlVoltageScaling  stm32l4xx_hal_pwr_ex.o
    0x08000f4e   0x08000f4e   0x00000002   PAD
    0x08000f50   0x08000f50   0x00000010   Code   RO          601    .text.HAL_PWREx_GetVoltageRange  stm32l4xx_hal_pwr_ex.o
    0x08000f60   0x08000f60   0x000003b0   Code   RO          390    .text.HAL_RCCEx_PeriphCLKConfig  stm32l4xx_hal_rcc_ex.o
    0x08001310   0x08001310   0x0000023e   Code   RO          360    .text.HAL_RCC_ClockConfig  stm32l4xx_hal_rcc.o
    0x0800154e   0x0800154e   0x00000002   PAD
    0x08001550   0x08001550   0x0000000c   Code   RO          364    .text.HAL_RCC_GetHCLKFreq  stm32l4xx_hal_rcc.o
    0x0800155c   0x0800155c   0x0000002a   Code   RO          366    .text.HAL_RCC_GetPCLK1Freq  stm32l4xx_hal_rcc.o
    0x08001586   0x08001586   0x00000002   PAD
    0x08001588   0x08001588   0x0000002a   Code   RO          368    .text.HAL_RCC_GetPCLK2Freq  stm32l4xx_hal_rcc.o
    0x080015b2   0x080015b2   0x00000002   PAD
    0x080015b4   0x080015b4   0x000000c0   Code   RO          358    .text.HAL_RCC_GetSysClockFreq  stm32l4xx_hal_rcc.o
    0x08001674   0x08001674   0x00000736   Code   RO          356    .text.HAL_RCC_OscConfig  stm32l4xx_hal_rcc.o
    0x08001daa   0x08001daa   0x00000002   PAD
    0x08001dac   0x08001dac   0x00000018   Code   RO          713    .text.HAL_SYSTICK_CLKSourceConfig  stm32l4xx_hal_cortex.o
    0x08001dc4   0x08001dc4   0x0000002c   Code   RO          699    .text.HAL_SYSTICK_Config  stm32l4xx_hal_cortex.o
    0x08001df0   0x08001df0   0x0000005e   Code   RO          765    .text.HAL_UART_Init  stm32l4xx_hal_uart.o
    0x08001e4e   0x08001e4e   0x00000002   PAD
    0x08001e50   0x08001e50   0x00000090   Code   RO           61    .text.HAL_UART_MspInit  usart.o
    0x08001ee0   0x08001ee0   0x000000fa   Code   RO          785    .text.HAL_UART_Transmit  stm32l4xx_hal_uart.o
    0x08001fda   0x08001fda   0x00000002   PAD
    0x08001fdc   0x08001fdc   0x00000086   Code   RO          979    .text.IIC_Init      myiic.o
    0x08002062   0x08002062   0x00000002   PAD
    0x08002064   0x08002064   0x000000b6   Code   RO          993    .text.IIC_Read_Byte  myiic.o
    0x0800211a   0x0800211a   0x00000002   PAD
    0x0800211c   0x0800211c   0x000000e6   Code   RO          997    .text.IIC_Read_Data  myiic.o
    0x08002202   0x08002202   0x00000002   PAD
    0x08002204   0x08002204   0x0000006e   Code   RO          991    .text.IIC_Send_Byte  myiic.o
    0x08002272   0x08002272   0x00000002   PAD
    0x08002274   0x08002274   0x000000a6   Code   RO          985    .text.IIC_Wait_Ack  myiic.o
    0x0800231a   0x0800231a   0x00000002   PAD
    0x0800231c   0x0800231c   0x000000e6   Code   RO          995    .text.IIC_Write_Data  myiic.o
    0x08002402   0x08002402   0x00000002   PAD
    0x08002404   0x08002404   0x0000008e   Code   RO           35    .text.MX_GPIO_Init  gpio.o
    0x08002492   0x08002492   0x00000002   PAD
    0x08002494   0x08002494   0x00000040   Code   RO           59    .text.MX_USART1_UART_Init  usart.o
    0x080024d4   0x080024d4   0x00000002   Code   RO           76    .text.MemManage_Handler  stm32l4xx_it.o
    0x080024d6   0x080024d6   0x00000002   PAD
    0x080024d8   0x080024d8   0x00000002   Code   RO           74    .text.NMI_Handler   stm32l4xx_it.o
    0x080024da   0x080024da   0x00000002   PAD
    0x080024dc   0x080024dc   0x00000184   Code   RO          392    .text.RCCEx_PLLSAI1_Config  stm32l4xx_hal_rcc_ex.o
    0x08002660   0x08002660   0x0000015e   Code   RO          394    .text.RCCEx_PLLSAI2_Config  stm32l4xx_hal_rcc_ex.o
    0x080027be   0x080027be   0x00000002   PAD
    0x080027c0   0x080027c0   0x00000012   Code   RO         1506    .text.SysTick_Handler  board.o
    0x080027d2   0x080027d2   0x00000002   PAD
    0x080027d4   0x080027d4   0x0000007e   Code   RO           17    .text.SystemClock_Config  main.o
    0x08002852   0x08002852   0x00000002   PAD
    0x08002854   0x08002854   0x000000be   Code   RO          934    .text.SystemCoreClockUpdate  system_stm32l4xx.o
    0x08002912   0x08002912   0x00000002   PAD
    0x08002914   0x08002914   0x00000012   Code   RO          932    .text.SystemInit    system_stm32l4xx.o
    0x08002926   0x08002926   0x00000002   PAD
    0x08002928   0x08002928   0x00000084   Code   RO           13    .text.ThreadInit    main.o
    0x080029ac   0x080029ac   0x000000e6   Code   RO          769    .text.UART_AdvFeatureConfig  stm32l4xx_hal_uart.o
    0x08002a92   0x08002a92   0x00000002   PAD
    0x08002a94   0x08002a94   0x000000bc   Code   RO          773    .text.UART_CheckIdleState  stm32l4xx_hal_uart.o
    0x08002b50   0x08002b50   0x00000260   Code   RO          771    .text.UART_SetConfig  stm32l4xx_hal_uart.o
    0x08002db0   0x08002db0   0x00000136   Code   RO          787    .text.UART_WaitOnFlagUntilTimeout  stm32l4xx_hal_uart.o
    0x08002ee6   0x08002ee6   0x00000002   PAD
    0x08002ee8   0x08002ee8   0x00000002   Code   RO           80    .text.UsageFault_Handler  stm32l4xx_it.o
    0x08002eea   0x08002eea   0x00000002   PAD
    0x08002eec   0x08002eec   0x00000038   Code   RO         1333    .text.__rt_ffs      kservice.o
    0x08002f24   0x08002f24   0x0000003a   Code   RO         1458    .text._thread_exit  thread.o
    0x08002f5e   0x08002f5e   0x00000002   PAD
    0x08002f60   0x08002f60   0x00000036   Code   RO         1460    .text._thread_timeout  thread.o
    0x08002f96   0x08002f96   0x00000002   PAD
    0x08002f98   0x08002f98   0x00000014   Code   RO         1007    .text.clear         cmd.o
    0x08002fac   0x08002fac   0x00000118   Code   RO         1019    .text.cmd_list      cmd.o
    0x080030c4   0x080030c4   0x00000016   Code   RO          962    .text.delay_init    delay.o
    0x080030da   0x080030da   0x00000002   PAD
    0x080030dc   0x080030dc   0x00000054   Code   RO          966    .text.delay_ms      delay.o
    0x08003130   0x08003130   0x0000003a   Code   RO          964    .text.delay_us      delay.o
    0x0800316a   0x0800316a   0x00000002   PAD
    0x0800316c   0x0800316c   0x000000bc   Code   RO         1088    .text.finsh_system_init  shell.o
    0x08003228   0x08003228   0x0000044c   Code   RO         1084    .text.finsh_thread_entry  shell.o
    0x08003674   0x08003674   0x00000014   Code   RO           11    .text.fputc         main.o
    0x08003688   0x08003688   0x0000001c   Code   RO           21    .text.key_entry     main.o
    0x080036a4   0x080036a4   0x000001b2   Code   RO         1015    .text.list_msgqueue  cmd.o
    0x08003856   0x08003856   0x00000002   PAD
    0x08003858   0x08003858   0x000001ae   Code   RO         1013    .text.list_sem      cmd.o
    0x08003a06   0x08003a06   0x00000002   PAD
    0x08003a08   0x08003a08   0x000001de   Code   RO         1011    .text.list_thread   cmd.o
    0x08003be6   0x08003be6   0x00000002   PAD
    0x08003be8   0x08003be8   0x000001b6   Code   RO         1017    .text.list_timer    cmd.o
    0x08003d9e   0x08003d9e   0x00000002   PAD
    0x08003da0   0x08003da0   0x00000108   Code   RO           15    .text.main          main.o
    0x08003ea8   0x08003ea8   0x00000032   Code   RO         1167    .text.main_thread_entry  components.o
    0x08003eda   0x08003eda   0x00000002   PAD
    0x08003edc   0x08003edc   0x0000010c   Code   RO         1042    .text.msh_auto_complete  msh.o
    0x08003fe8   0x08003fe8   0x00000218   Code   RO         1040    .text.msh_exec      msh.o
    0x08004200   0x08004200   0x0000005a   Code   RO         1038    .text.msh_help      msh.o
    0x0800425a   0x0800425a   0x00000002   PAD
    0x0800425c   0x0800425c   0x000001da   Code   RO         1307    .text.print_number  kservice.o
    0x08004436   0x08004436   0x00000002   PAD
    0x08004438   0x08004438   0x00000004   Code   RO         1508    .text.reboot        board.o
    0x0800443c   0x0800443c   0x00000020   Code   RO         1323    .text.rt_calloc     kservice.o
    0x0800445c   0x0800445c   0x0000002a   Code   RO         1159    .text.rt_components_board_init  components.o
    0x08004486   0x08004486   0x00000002   PAD
    0x08004488   0x08004488   0x0000001c   Code   RO         1407    .text.rt_enter_critical  scheduler.o
    0x080044a4   0x080044a4   0x00000042   Code   RO         1409    .text.rt_exit_critical  scheduler.o
    0x080044e6   0x080044e6   0x00000002   PAD
    0x080044e8   0x080044e8   0x0000001c   Code   RO         1325    .text.rt_free       kservice.o
    0x08004504   0x08004504   0x0000000a   Code   RO         1502    .text.rt_heap_begin_get  board.o
    0x0800450e   0x0800450e   0x00000002   PAD
    0x08004510   0x08004510   0x0000000e   Code   RO         1504    .text.rt_heap_end_get  board.o
    0x0800451e   0x0800451e   0x00000002   PAD
    0x08004520   0x08004520   0x0000003e   Code   RO         1510    .text.rt_hw_board_init  board.o
    0x0800455e   0x0800455e   0x00000002   PAD
    0x08004560   0x08004560   0x00000028   Code   RO         1516    .text.rt_hw_console_getchar  board.o
    0x08004588   0x08004588   0x00000060   Code   RO         1514    .text.rt_hw_console_output  board.o
    0x080045e8   0x080045e8   0x00000012   Code   RO         1117    .text.rt_hw_cpu_reset  cpuport.o
    0x080045fa   0x080045fa   0x00000002   PAD
    0x080045fc   0x080045fc   0x000003c0   Code   RO         1113    .text.rt_hw_hard_fault_exception  cpuport.o
    0x080049bc   0x080049bc   0x00000042   Code   RO         1109    .text.rt_hw_stack_init  cpuport.o
    0x080049fe   0x080049fe   0x00000002   PAD
    0x08004a00   0x08004a00   0x0000001c   Code   RO         1248    .text.rt_interrupt_enter  irq.o
    0x08004a1c   0x08004a1c   0x0000001c   Code   RO         1250    .text.rt_interrupt_leave  irq.o
    0x08004a38   0x08004a38   0x0000003e   Code   RO         1303    .text.rt_kprintf    kservice.o
    0x08004a76   0x08004a76   0x00000002   PAD
    0x08004a78   0x08004a78   0x00000022   Code   RO         1299    .text.rt_malloc     kservice.o
    0x08004a9a   0x08004a9a   0x00000002   PAD
    0x08004a9c   0x08004a9c   0x0000009a   Code   RO         1275    .text.rt_memcpy     kservice.o
    0x08004b36   0x08004b36   0x00000002   PAD
    0x08004b38   0x08004b38   0x0000003a   Code   RO         1277    .text.rt_memmove    kservice.o
    0x08004b72   0x08004b72   0x00000002   PAD
    0x08004b74   0x08004b74   0x00000072   Code   RO         1273    .text.rt_memset     kservice.o
    0x08004be6   0x08004be6   0x00000002   PAD
    0x08004be8   0x08004be8   0x00000068   Code   RO         1378    .text.rt_object_allocate  object.o
    0x08004c50   0x08004c50   0x0000002c   Code   RO         1380    .text.rt_object_delete  object.o
    0x08004c7c   0x08004c7c   0x00000024   Code   RO         1376    .text.rt_object_detach  object.o
    0x08004ca0   0x08004ca0   0x00000022   Code   RO         1368    .text.rt_object_get_information  object.o
    0x08004cc2   0x08004cc2   0x00000002   PAD
    0x08004cc4   0x08004cc4   0x00000064   Code   RO         1374    .text.rt_object_init  object.o
    0x08004d28   0x08004d28   0x00000006   Code   RO         1382    .text.rt_object_is_systemobject  object.o
    0x08004d2e   0x08004d2e   0x00000002   PAD
    0x08004d30   0x08004d30   0x000001d8   Code   RO         1403    .text.rt_schedule   scheduler.o
    0x08004f08   0x08004f08   0x00000084   Code   RO         1405    .text.rt_schedule_insert_thread  scheduler.o
    0x08004f8c   0x08004f8c   0x00000054   Code   RO         1401    .text.rt_schedule_remove_thread  scheduler.o
    0x08004fe0   0x08004fe0   0x00000020   Code   RO         1206    .text.rt_sem_init   ipc.o
    0x08005000   0x08005000   0x000000c8   Code   RO         1301    .text.rt_show_version  kservice.o
    0x080050c8   0x080050c8   0x000000d4   Code   RO         1352    .text.rt_smem_alloc  mem.o
    0x0800519c   0x0800519c   0x0000009a   Code   RO         1356    .text.rt_smem_free  mem.o
    0x08005236   0x08005236   0x00000002   PAD
    0x08005238   0x08005238   0x000000cc   Code   RO         1348    .text.rt_smem_init  mem.o
    0x08005304   0x08005304   0x00000024   Code   RO         1313    .text.rt_sprintf    kservice.o
    0x08005328   0x08005328   0x0000004c   Code   RO         1265    .text.rt_strerror   kservice.o
    0x08005374   0x08005374   0x00000010   Code   RO         1283    .text.rt_strlen     kservice.o
    0x08005384   0x08005384   0x00000040   Code   RO         1287    .text.rt_strncpy    kservice.o
    0x080053c4   0x080053c4   0x0000002c   Code   RO         1319    .text.rt_system_heap_init  kservice.o
    0x080053f0   0x080053f0   0x00000030   Code   RO         1397    .text.rt_system_scheduler_init  scheduler.o
    0x08005420   0x08005420   0x00000070   Code   RO         1399    .text.rt_system_scheduler_start  scheduler.o
    0x08005490   0x08005490   0x0000000e   Code   RO         1488    .text.rt_system_timer_init  timer.o
    0x0800549e   0x0800549e   0x00000002   PAD
    0x080054a0   0x080054a0   0x00000002   Code   RO         1490    .text.rt_system_timer_thread_init  timer.o
    0x080054a2   0x080054a2   0x00000002   PAD
    0x080054a4   0x080054a4   0x00000096   Code   RO         1438    .text.rt_thread_create  thread.o
    0x0800553a   0x0800553a   0x00000002   PAD
    0x0800553c   0x0800553c   0x00000016   Code   RO         1185    .text.rt_thread_defunct_enqueue  idle.o
    0x08005552   0x08005552   0x00000002   PAD
    0x08005554   0x08005554   0x00000004   Code   RO         1448    .text.rt_thread_delay  thread.o
    0x08005558   0x08005558   0x0000005e   Code   RO         1191    .text.rt_thread_idle_entry  idle.o
    0x080055b6   0x080055b6   0x00000002   PAD
    0x080055b8   0x080055b8   0x00000058   Code   RO         1189    .text.rt_thread_idle_init  idle.o
    0x08005610   0x08005610   0x0000008a   Code   RO         1428    .text.rt_thread_init  thread.o
    0x0800569a   0x0800569a   0x00000002   PAD
    0x0800569c   0x0800569c   0x0000000e   Code   RO         1452    .text.rt_thread_mdelay  thread.o
    0x080056aa   0x080056aa   0x00000002   PAD
    0x080056ac   0x080056ac   0x0000000c   Code   RO         1430    .text.rt_thread_self  thread.o
    0x080056b8   0x080056b8   0x0000007c   Code   RO         1444    .text.rt_thread_sleep  thread.o
    0x08005734   0x08005734   0x00000058   Code   RO         1432    .text.rt_thread_startup  thread.o
    0x0800578c   0x0800578c   0x00000006   Code   RO         1138    .text.rt_tick_from_millisecond  clock.o
    0x08005792   0x08005792   0x00000002   PAD
    0x08005794   0x08005794   0x0000000c   Code   RO         1132    .text.rt_tick_get   clock.o
    0x080057a0   0x080057a0   0x00000052   Code   RO         1136    .text.rt_tick_increase  clock.o
    0x080057f2   0x080057f2   0x00000002   PAD
    0x080057f4   0x080057f4   0x000000b0   Code   RO         1484    .text.rt_timer_check  timer.o
    0x080058a4   0x080058a4   0x00000050   Code   RO         1482    .text.rt_timer_control  timer.o
    0x080058f4   0x080058f4   0x00000030   Code   RO         1472    .text.rt_timer_detach  timer.o
    0x08005924   0x08005924   0x00000032   Code   RO         1470    .text.rt_timer_init  timer.o
    0x08005956   0x08005956   0x00000002   PAD
    0x08005958   0x08005958   0x00000086   Code   RO         1478    .text.rt_timer_start  timer.o
    0x080059de   0x080059de   0x00000002   PAD
    0x080059e0   0x080059e0   0x00000038   Code   RO         1480    .text.rt_timer_stop  timer.o
    0x08005a18   0x08005a18   0x00000372   Code   RO         1305    .text.rt_vsnprintf  kservice.o
    0x08005d8a   0x08005d8a   0x00000002   PAD
    0x08005d8c   0x08005d8c   0x00000004   Code   RO         1155    .text.rti_board_end  components.o
    0x08005d90   0x08005d90   0x00000004   Code   RO         1153    .text.rti_board_start  components.o
    0x08005d94   0x08005d94   0x00000004   Code   RO         1157    .text.rti_end       components.o
    0x08005d98   0x08005d98   0x00000004   Code   RO         1151    .text.rti_start     components.o
    0x08005d9c   0x08005d9c   0x00000036   Code   RO         1512    .text.uart_init     board.o
    0x08005dd2   0x08005dd2   0x00000002   PAD
    0x08005dd4   0x08005dd4   0x0000000a   Code   RO         1009    .text.version       cmd.o
    0x08005dde   0x08005dde   0x00000002   PAD
    0x08005de0   0x08005de0   0x00000020   Code   RO         1814    i.__0printf         mc_w.l(printfa.o)
    0x08005e00   0x08005e00   0x0000000e   Code   RO         1899    i.__scatterload_copy  mc_w.l(handlers.o)
    0x08005e0e   0x08005e0e   0x00000002   Code   RO         1900    i.__scatterload_null  mc_w.l(handlers.o)
    0x08005e10   0x08005e10   0x0000000e   Code   RO         1901    i.__scatterload_zeroinit  mc_w.l(handlers.o)
    0x08005e1e   0x08005e1e   0x00000002   PAD
    0x08005e20   0x08005e20   0x0000018a   Code   RO         1821    i._fp_digits        mc_w.l(printfa.o)
    0x08005faa   0x08005faa   0x00000002   PAD
    0x08005fac   0x08005fac   0x000006e2   Code   RO         1822    i._printf_core      mc_w.l(printfa.o)
    0x0800668e   0x0800668e   0x00000024   Code   RO         1823    i._printf_post_padding  mc_w.l(printfa.o)
    0x080066b2   0x080066b2   0x0000002e   Code   RO         1824    i._printf_pre_padding  mc_w.l(printfa.o)
    0x080066e0   0x080066e0   0x00000024   Code   RO         1533    i.puts              mc_w.l(puts.o)
    0x08006704   0x08006704   0x00000010   Data   RO          937    .rodata.AHBPrescTable  system_stm32l4xx.o
    0x08006714   0x08006714   0x00000008   Data   RO          938    .rodata.APBPrescTable  system_stm32l4xx.o
    0x0800671c   0x0800671c   0x00000030   Data   RO          939    .rodata.MSIRangeTable  system_stm32l4xx.o
    0x0800674c   0x0800674c   0x00000100   Data   RO         1339    .rodata.__lowest_bit_bitmap  kservice.o
    0x0800684c   0x0800684c   0x00000010   Data   RO          891    .rodata.cst16       stm32l4xx_hal_uart.o
    0x0800685c   0x0800685c   0x000000e2   Data   RO         1021    .rodata.name        cmd.o
    0x0800693e   0x0800693e   0x0000001b   Data   RO         1045    .rodata.name        msh.o
    0x08006959   0x08006959   0x00000015   Data   RO         1519    .rodata.name        board.o
    0x0800696e   0x0800696e   0x000000dc   Data   RO         1024    .rodata.str1.1      cmd.o
    0x08006a4a   0x08006a4a   0x00000027   Data   RO         1044    .rodata.str1.1      msh.o
    0x08006a71   0x08006a71   0x0000000a   Data   RO         1095    .rodata.str1.1      shell.o
    0x08006a7b   0x08006a7b   0x000001bb   Data   RO         1120    .rodata.str1.1      cpuport.o
    0x08006c36   0x08006c36   0x00000005   Data   RO         1175    .rodata.str1.1      components.o
    0x08006c3b   0x08006c3b   0x00000059   Data   RO         1336    .rodata.str1.1      kservice.o
    0x08006c94   0x08006c94   0x00000004   Data   RO         1171    .rti_fn.0           components.o
    0x08006c98   0x08006c98   0x00000004   Data   RO         1172    .rti_fn.0.end       components.o
    0x08006c9c   0x08006c9c   0x00000004   Data   RO         1521    .rti_fn.1           board.o
    0x08006ca0   0x08006ca0   0x00000004   Data   RO         1173    .rti_fn.1.end       components.o
    0x08006ca4   0x08006ca4   0x00000004   Data   RO           23    .rti_fn.6           main.o
    0x08006ca8   0x08006ca8   0x00000004   Data   RO         1096    .rti_fn.6           shell.o
    0x08006cac   0x08006cac   0x00000004   Data   RO         1174    .rti_fn.6.end       components.o
    0x08006cb0   0x08006cb0   0x0000000c   Data   RO         1022    FSymTab             cmd.o
    0x08006cbc   0x08006cbc   0x0000000c   Data   RO         1023    FSymTab             cmd.o
    0x08006cc8   0x08006cc8   0x0000000c   Data   RO         1025    FSymTab             cmd.o
    0x08006cd4   0x08006cd4   0x0000000c   Data   RO         1026    FSymTab             cmd.o
    0x08006ce0   0x08006ce0   0x0000000c   Data   RO         1027    FSymTab             cmd.o
    0x08006cec   0x08006cec   0x0000000c   Data   RO         1028    FSymTab             cmd.o
    0x08006cf8   0x08006cf8   0x0000000c   Data   RO         1029    FSymTab             cmd.o
    0x08006d04   0x08006d04   0x0000000c   Data   RO         1046    FSymTab             msh.o
    0x08006d10   0x08006d10   0x0000000c   Data   RO         1520    FSymTab             board.o
    0x08006d1c   0x08006d1c   0x00000020   Data   RO         1898    Region$$Table       anon$$obj.o


    Execution Region RW_IRAM2 (Exec base: 0x10000000, Load base: 0x08006db0, Size: 0x00000000, Max: 0x00008000, ABSOLUTE)

    **** No section assigned to this execution region ****


    Execution Region RW_IRAM1 (Exec base: 0x20000000, Load base: 0x08006d40, Size: 0x00004550, Max: 0x00018000, ABSOLUTE)

    Exec Addr    Load Addr    Size         Type   Attr      Idx    E Section Name        Object

    0x20000000   0x08006d40   0x00000004   Data   RW         1866    .data               mc_w.l(stdout.o)
    0x20000004   0x08006d44   0x00000004   Data   RW          936    .data.SystemCoreClock  system_stm32l4xx.o
    0x20000008   0x08006d48   0x00000050   Data   RW         1388    .data._object_container  object.o
    0x20000058   0x08006d98   0x00000008   Data   RW         1195    .data._rt_thread_defunct  idle.o
    0x20000060   0x08006da0   0x00000004   Data   RW           25    .data.humidity      main.o
    0x20000064   0x08006da4   0x00000004   Data   RW           24    .data.temperature   main.o
    0x20000068   0x08006da8   0x00000001   Data   RW          344    .data.uwTickFreq    stm32l4xx_hal.o
    0x20000069   0x08006da9   0x00000003   PAD
    0x2000006c   0x08006dac   0x00000004   Data   RW          343    .data.uwTickPrio    stm32l4xx_hal.o
    0x20000070        -       0x00000088   Zero   RW         1522    .bss.UartHandle     board.o
    0x200000f8        -       0x00000004   Zero   RW         1090    .bss._syscall_table_begin  shell.o
    0x200000fc        -       0x00000004   Zero   RW         1091    .bss._syscall_table_end  shell.o
    0x20000100        -       0x00000008   Zero   RW         1493    .bss._timer_list    timer.o
    0x20000108        -       0x00000004   Zero   RW          968    .bss.fac_us         delay.o
    0x2000010c        -       0x00000081   Zero   RW         1093    .bss.finsh_get_prompt.finsh_prompt  shell.o
    0x2000018d   0x08006db0   0x00000003   PAD
    0x20000190        -       0x00000004   Zero   RW         1092    .bss.finsh_prompt_custom  shell.o
    0x20000194        -       0x00000088   Zero   RW           65    .bss.huart1         usart.o
    0x2000021c        -       0x00000078   Zero   RW         1196    .bss.idle           idle.o
    0x20000294        -       0x00000001   Zero   RW         1417    .bss.rt_current_priority  scheduler.o
    0x20000295   0x08006db0   0x00000003   PAD
    0x20000298        -       0x00000004   Zero   RW         1413    .bss.rt_current_thread  scheduler.o
    0x2000029c        -       0x00000004   Zero   RW         1119    .bss.rt_exception_hook  cpuport.o
    0x200002a0        -       0x00003c00   Zero   RW         1518    .bss.rt_heap        board.o
    0x20003ea0        -       0x00000004   Zero   RW         1121    .bss.rt_interrupt_from_thread  cpuport.o
    0x20003ea4        -       0x00000001   Zero   RW         1254    .bss.rt_interrupt_nest  irq.o
    0x20003ea5   0x08006db0   0x00000003   PAD
    0x20003ea8        -       0x00000004   Zero   RW         1122    .bss.rt_interrupt_to_thread  cpuport.o
    0x20003eac        -       0x00000080   Zero   RW         1337    .bss.rt_kprintf.rt_log_buf  kservice.o
    0x20003f2c        -       0x00000002   Zero   RW         1414    .bss.rt_scheduler_lock_nest  scheduler.o
    0x20003f2e   0x08006db0   0x00000002   PAD
    0x20003f30        -       0x00000100   Zero   RW         1415    .bss.rt_thread_priority_table  scheduler.o
    0x20004030        -       0x00000004   Zero   RW         1416    .bss.rt_thread_ready_priority_group  scheduler.o
    0x20004034        -       0x00000100   Zero   RW         1197    .bss.rt_thread_stack  idle.o
    0x20004134        -       0x00000004   Zero   RW         1123    .bss.rt_thread_switch_interrupt_flag  cpuport.o
    0x20004138        -       0x00000004   Zero   RW         1142    .bss.rt_tick        clock.o
    0x2000413c        -       0x00000004   Zero   RW         1492    .bss.rt_timer_start.random_nr  timer.o
    0x20004140        -       0x00000004   Zero   RW         1094    .bss.shell          shell.o
    0x20004144        -       0x00000004   Zero   RW         1338    .bss.system_heap    kservice.o
    0x20004148        -       0x00000004   Zero   RW          345    .bss.uwTick         stm32l4xx_hal.o
    0x2000414c   0x08006db0   0x00000004   PAD
    0x20004150        -       0x00000400   Zero   RW            1    STACK               startup_stm32l475xx.o


==============================================================================

Image component sizes


      Code (inc. data)   RO Data    RW Data    ZI Data      Debug   Object Name

       376         40          0          0          0       1406   aht10.o
       298          0         37          0      15496       5768   board.o
       100          0          0          0          4       2829   clock.o
      2090        612        530          0          0      12869   cmd.o
       192          0         21          0          0       3761   components.o
       328         28          0          0          0        924   context_rvds.o
      1044        168        443          0         16       4562   cpuport.o
       164          0          0          0          4       2045   delay.o
       142          0          0          0          0       2363   gpio.o
       204          8          0          8        376       3797   idle.o
        32          0          0          0          0      14778   ipc.o
        56          0          0          0          1       1245   irq.o
      2330        430        345          0        132      18835   kservice.o
       580        104          4          8          0       5179   main.o
       570         68          0          0          0       6256   mem.o
       894         64         78          0          0       5167   msh.o
      1052          0          0          0          0       5532   myiic.o
       324          0          0         80          0       7030   object.o
       942          0          0          0        267       6714   scheduler.o
      1288        216         14          0        145       6387   shell.o
        36          8        392          0       1024        848   startup_stm32l475xx.o
       132          0          0          5          4       8795   stm32l4xx_hal.o
       186          0          0          0          0      10608   stm32l4xx_hal_cortex.o
       462          0          0          0          0       5211   stm32l4xx_hal_gpio.o
        50          0          0          0          0       1577   stm32l4xx_hal_msp.o
       150          0          0          0          0       9628   stm32l4xx_hal_pwr_ex.o
      2708          0          0          0          0      11721   stm32l4xx_hal_rcc.o
      1682          8          0          0          0      14294   stm32l4xx_hal_rcc_ex.o
      1680         46         16          0          0      30825   stm32l4xx_hal_uart.o
        10          0          0          0          0        713   stm32l4xx_it.o
       208          4         72          4          0       2948   system_stm32l4xx.o
       642          0          0          0          0       9576   thread.o
       560          6          0          0         12       7755   timer.o
       208          0          0          0        136       6620   usart.o

    ----------------------------------------------------------------------
     21868       1810       1984        108      17632     238566   Object Totals
         0          0         32          0          0          0   (incl. Generated)
       148          0          0          3         15          0   (incl. Padding)

    ----------------------------------------------------------------------

      Code (inc. data)   RO Data    RW Data    ZI Data      Debug   Library Member Name

         0          0          0          0          0          0   entry.o
         0          0          0          0          0          0   entry10a.o
         0          0          0          0          0          0   entry11a.o
         8          4          0          0          0          0   entry2.o
         4          0          0          0          0          0   entry5.o
         0          0          0          0          0          0   entry7b.o
         0          0          0          0          0          0   entry8b.o
         8          4          0          0          0          0   entry9a.o
        30          0          0          0          0          0   handlers.o
        48         10          0          0          0         68   init.o
         0          0          0          0          0          0   iusefp.o
        30          0          0          0          0         68   llshl.o
        36          0          0          0          0         68   llsshr.o
        32          0          0          0          0         68   llushr.o
        36          0          0          0          0        108   memseta.o
      2270         90          0          0          0        452   printfa.o
        36          6          0          0          0         80   puts.o
         0          0          0          4          0          0   stdout.o
        28          0          0          0          0         76   strcmp.o
        14          0          0          0          0         68   strlen.o
        30          0          0          0          0         80   strncmp.o
        24          0          0          0          0         76   strncpy.o
        44          0          0          0          0         80   uidiv.o
       104          0          0          0          0         92   uldiv.o
        48          0          0          0          0         68   cdrcmple.o
        56          0          0          0          0         88   d2f.o
       350          0          0          0          0        148   dadd.o
       222          0          0          0          0        100   ddiv.o
       186          0          0          0          0        176   depilogue.o
        48          0          0          0          0         68   dfixul.o
        34          0          0          0          0         76   dflti.o
       234          0          0          0          0         96   dmul.o
        38          0          0          0          0         68   f2d.o
       110          0          0          0          0        168   fepilogue.o

    ----------------------------------------------------------------------
      4112        114          0          4          0       2440   Library Totals
         4          0          0          0          0          0   (incl. Padding)

    ----------------------------------------------------------------------

      Code (inc. data)   RO Data    RW Data    ZI Data      Debug   Library Name

      2782        114          0          4          0       1384   mc_w.l
      1326          0          0          0          0       1056   mf_w.l

    ----------------------------------------------------------------------
      4112        114          0          4          0       2440   Library Totals

    ----------------------------------------------------------------------

==============================================================================


      Code (inc. data)   RO Data    RW Data    ZI Data      Debug   

     25980       1924       1984        112      17632     239242   Grand Totals
     25980       1924       1984        112      17632     239242   ELF Image Totals
     25980       1924       1984        112          0          0   ROM Totals

==============================================================================

    Total RO  Size (Code + RO Data)                27964 (  27.31kB)
    Total RW  Size (RW Data + ZI Data)             17744 (  17.33kB)
    Total ROM Size (Code + RO Data + RW Data)      28076 (  27.42kB)

==============================================================================

